Component: ARM Compiler 5.06 update 7 (build 960) Tool: armlink [4d3601]

==============================================================================

Section Cross References

    startup_stm32f427xx.o(RESET) refers to startup_stm32f427xx.o(STACK) for __initial_sp
    startup_stm32f427xx.o(RESET) refers to startup_stm32f427xx.o(.text) for Reset_Handler
    startup_stm32f427xx.o(RESET) refers to stm32f4xx_it.o(i.NMI_Handler) for NMI_Handler
    startup_stm32f427xx.o(RESET) refers to stm32f4xx_it.o(i.HardFault_Handler) for HardFault_Handler
    startup_stm32f427xx.o(RESET) refers to stm32f4xx_it.o(i.MemManage_Handler) for MemManage_Handler
    startup_stm32f427xx.o(RESET) refers to stm32f4xx_it.o(i.BusFault_Handler) for BusFault_Handler
    startup_stm32f427xx.o(RESET) refers to stm32f4xx_it.o(i.UsageFault_Handler) for UsageFault_Handler
    startup_stm32f427xx.o(RESET) refers to port.o(.emb_text) for SVC_Handler
    startup_stm32f427xx.o(RESET) refers to stm32f4xx_it.o(i.DebugMon_Handler) for DebugMon_Handler
    startup_stm32f427xx.o(RESET) refers to port.o(i.SysTick_Handler) for SysTick_Handler
    startup_stm32f427xx.o(RESET) refers to stm32f4xx_it.o(i.DMA1_Stream5_IRQHandler) for DMA1_Stream5_IRQHandler
    startup_stm32f427xx.o(RESET) refers to stm32f4xx_it.o(i.CAN1_TX_IRQHandler) for CAN1_TX_IRQHandler
    startup_stm32f427xx.o(RESET) refers to stm32f4xx_it.o(i.CAN1_RX0_IRQHandler) for CAN1_RX0_IRQHandler
    startup_stm32f427xx.o(RESET) refers to stm32f4xx_it.o(i.USART1_IRQHandler) for USART1_IRQHandler
    startup_stm32f427xx.o(RESET) refers to stm32f4xx_it.o(i.USART2_IRQHandler) for USART2_IRQHandler
    startup_stm32f427xx.o(RESET) refers to stm32f4xx_it.o(i.TIM8_TRG_COM_TIM14_IRQHandler) for TIM8_TRG_COM_TIM14_IRQHandler
    startup_stm32f427xx.o(RESET) refers to stm32f4xx_it.o(i.DMA2_Stream1_IRQHandler) for DMA2_Stream1_IRQHandler
    startup_stm32f427xx.o(RESET) refers to stm32f4xx_it.o(i.DMA2_Stream2_IRQHandler) for DMA2_Stream2_IRQHandler
    startup_stm32f427xx.o(RESET) refers to stm32f4xx_it.o(i.CAN2_TX_IRQHandler) for CAN2_TX_IRQHandler
    startup_stm32f427xx.o(RESET) refers to stm32f4xx_it.o(i.CAN2_RX0_IRQHandler) for CAN2_RX0_IRQHandler
    startup_stm32f427xx.o(RESET) refers to stm32f4xx_it.o(i.USART6_IRQHandler) for USART6_IRQHandler
    startup_stm32f427xx.o(RESET) refers to stm32f4xx_it.o(i.UART7_IRQHandler) for UART7_IRQHandler
    startup_stm32f427xx.o(RESET) refers to stm32f4xx_it.o(i.UART8_IRQHandler) for UART8_IRQHandler
    startup_stm32f427xx.o(.text) refers to system_stm32f4xx.o(i.SystemInit) for SystemInit
    startup_stm32f427xx.o(.text) refers to entry.o(.ARM.Collect$$$$00000000) for __main
    main.o(i.HAL_TIM_PeriodElapsedCallback) refers to stm32f4xx_hal.o(i.HAL_IncTick) for HAL_IncTick
    main.o(i.SystemClock_Config) refers to memseta.o(.text) for __aeabi_memclr4
    main.o(i.SystemClock_Config) refers to stm32f4xx_hal_rcc.o(i.HAL_RCC_OscConfig) for HAL_RCC_OscConfig
    main.o(i.SystemClock_Config) refers to stm32f4xx_hal_pwr_ex.o(i.HAL_PWREx_EnableOverDrive) for HAL_PWREx_EnableOverDrive
    main.o(i.SystemClock_Config) refers to stm32f4xx_hal_rcc.o(i.HAL_RCC_ClockConfig) for HAL_RCC_ClockConfig
    main.o(i.fputc) refers to stm32f4xx_hal_uart.o(i.HAL_UART_Transmit) for HAL_UART_Transmit
    main.o(i.fputc) refers to usart.o(.bss) for huart6
    main.o(i.main) refers to stm32f4xx_hal.o(i.HAL_Init) for HAL_Init
    main.o(i.main) refers to main.o(i.SystemClock_Config) for SystemClock_Config
    main.o(i.main) refers to gpio.o(i.MX_GPIO_Init) for MX_GPIO_Init
    main.o(i.main) refers to dma.o(i.MX_DMA_Init) for MX_DMA_Init
    main.o(i.main) refers to can.o(i.MX_CAN1_Init) for MX_CAN1_Init
    main.o(i.main) refers to can.o(i.MX_CAN2_Init) for MX_CAN2_Init
    main.o(i.main) refers to spi.o(i.MX_SPI4_Init) for MX_SPI4_Init
    main.o(i.main) refers to usart.o(i.MX_USART1_UART_Init) for MX_USART1_UART_Init
    main.o(i.main) refers to usart.o(i.MX_USART2_UART_Init) for MX_USART2_UART_Init
    main.o(i.main) refers to usart.o(i.MX_USART3_UART_Init) for MX_USART3_UART_Init
    main.o(i.main) refers to usart.o(i.MX_USART6_UART_Init) for MX_USART6_UART_Init
    main.o(i.main) refers to usart.o(i.MX_UART7_Init) for MX_UART7_Init
    main.o(i.main) refers to usart.o(i.MX_UART8_Init) for MX_UART8_Init
    main.o(i.main) refers to tim.o(i.MX_TIM4_Init) for MX_TIM4_Init
    main.o(i.main) refers to tim.o(i.MX_TIM8_Init) for MX_TIM8_Init
    main.o(i.main) refers to bsp_sbus.o(i.dbus_uart_init) for dbus_uart_init
    main.o(i.main) refers to stm32f4xx_hal_tim.o(i.HAL_TIM_PWM_Start) for HAL_TIM_PWM_Start
    main.o(i.main) refers to shell_port.o(i.userShellInit) for userShellInit
    main.o(i.main) refers to bsp_can.o(i.my_can_filter_init_recv_all) for my_can_filter_init_recv_all
    main.o(i.main) refers to bsp_can.o(i.can_filter_recv_special) for can_filter_recv_special
    main.o(i.main) refers to commend.o(i.var_init) for var_init
[...]
    shellKey0x09000000                       0x08010cd0   Data          16  shell.o(shellCommand)
    shellKey0x08000000                       0x08010ce0   Data          16  shell.o(shellCommand)
    shellKey0x7F000000                       0x08010cf0   Data          16  shell.o(shellCommand)
    shellKey0x1B5B337E                       0x08010d00   Data          16  shell.o(shellCommand)
    shellKey0x0A000000                       0x08010d10   Data          16  shell.o(shellCommand)
    shellKey0x0D000000                       0x08010d20   Data          16  shell.o(shellCommand)
    shellCommandhelp                         0x08010d30   Data          16  shell.o(shellCommand)
    shellCommandusers                        0x08010d40   Data          16  shell.o(shellCommand)
    shellCommandcmds                         0x08010d50   Data          16  shell.o(shellCommand)
    shellCommandvars                         0x08010d60   Data          16  shell.o(shellCommand)
    shellCommandkeys                         0x08010d70   Data          16  shell.o(shellCommand)
    shellCommandclear                        0x08010d80   Data          16  shell.o(shellCommand)
    shellCommandlogSetLevel                  0x08010d90   Data          16  log.o(shellCommand)
    shellCommandhexdump                      0x08010da0   Data          16  log.o(shellCommand)
    shellKey0x04000000                       0x08010db0   Data          16  log.o(shellCommand)
    shellCommandvar                          0x08010dc0   Data          16  commend.o(shellCommand)
    shellCommanddb                           0x08010dd0   Data          16  commend.o(shellCommand)
    shellCommandkp                           0x08010de0   Data          16  test_task.o(shellCommand)
    shellCommandki                           0x08010df0   Data          16  test_task.o(shellCommand)
    shellCommandkd                           0x08010e00   Data          16  test_task.o(shellCommand)
    shellCommandt                            0x08010e10   Data          16  test_task.o(shellCommand)
    shellCommand$$Limit                      0x08010e20   Number         0  test_task.o(shellCommand)
    pos_x                                    0x2000005c   Data           4  main.o(.data)
    pos_y                                    0x20000060   Data           4  main.o(.data)
    zangle                                   0x20000064   Data           4  main.o(.data)
    xangle                                   0x20000068   Data           4  main.o(.data)
    yangle                                   0x2000006c   Data           4  main.o(.data)
    w_z                                      0x20000070   Data           4  main.o(.data)
    Rx_len_Huart6                            0x20000074   Data           1  main.o(.data)
    set_pos_x                                0x20000078   Data           4  main.o(.data)
    set_pos_y                                0x2000007c   Data           4  main.o(.data)
    set_zangle                               0x20000080   Data           4  main.o(.data)
    move_flag                                0x20000084   Data           4  main.o(.data)
    Rx_len_Huart2                            0x20000088   Data           1  main.o(.data)
    testTaskHandle                           0x2000008c   Data           4  freertos.o(.data)
    chassisTaskHandle                        0x20000090   Data           4  freertos.o(.data)
    ledTaskHandle                            0x20000094   Data           4  freertos.o(.data)
    solenoidTaskHandle                       0x20000098   Data           4  freertos.o(.data)
    shellMutexHandle                         0x2000009c   Data           4  freertos.o(.data)
    uwTickFreq                               0x200000a8   Data           1  stm32f4xx_hal.o(.data)
    uwTickPrio                               0x200000ac   Data           4  stm32f4xx_hal.o(.data)
    uwTick                                   0x200000b0   Data           4  stm32f4xx_hal.o(.data)
    SystemCoreClock                          0x200000b4   Data           4  system_stm32f4xx.o(.data)
    pxCurrentTCB                             0x200000b8   Data           4  tasks.o(.data)
    shelldata                                0x20000174   Data           1  shell_port.o(.data)
    uartLog                                  0x20000178   Data          12  shell_port.o(.data)
    b                                        0x20000188   Data           1  commend.o(.data)
    _var_begin                               0x2000018c   Data           4  commend.o(.data)
    a                                        0x20000190   Data           4  commend.o(.data)
    a1                                       0x20000194   Data           4  commend.o(.data)
    d                                        0x20000198   Data           4  commend.o(.data)
    c                                        0x200001a0   Data           8  commend.o(.data)
    rx_data_0                                0x200001a8   Data           1  bsp_vesc.o(.data)
    is_send_uart7                            0x200001a9   Data           1  bsp_vesc.o(.data)
    is_send_uart8                            0x200001aa   Data           1  bsp_vesc.o(.data)
    Chassis_Behaviour_Mode                   0x200001ab   Data           1  chassis_behaviour.o(.data)
    num                                      0x200001ac   Data           4  led_task.o(.data)
    target                                   0x200001b0   Data           4  test_task.o(.data)
    sigan_speed                              0x200001b4   Data           4  test_task.o(.data)
    simple_rc_ctrl                           0x200001b8   Data           1  solenoid_task.o(.data)
    send_func                                0x200001c0   Data           4  bldc_interface.o(.data)
    __stdout                                 0x2000024c   Data           4  stdout.o(.data)
    __microlib_freelist                      0x20000250   Data           4  mvars.o(.data)
    __microlib_freelist_initialised          0x20000254   Data           4  mvars.o(.data)
    kvdb                                     0x2000025c   Data         748  main.o(.bss)
    ReceiveBuff_Huart6                       0x20000548   Data         255  main.o(.bss)
    ReceiveBuff_Huart2                       0x20000647   Data         255  main.o(.bss)
    hcan1                                    0x2000099c   Data          40  can.o(.bss)
    hcan2                                    0x200009c4   Data          40  can.o(.bss)
    hspi4                                    0x200009ec   Data          88  spi.o(.bss)
    htim4                                    0x20000a44   Data          72  tim.o(.bss)
    htim8                                    0x20000a8c   Data          72  tim.o(.bss)
    huart7                                   0x20000ad4   Data          68  usart.o(.bss)
    huart8                                   0x20000b18   Data          68  usart.o(.bss)
    huart1                                   0x20000b5c   Data          68  usart.o(.bss)
    huart2                                   0x20000ba0   Data          68  usart.o(.bss)
    huart3                                   0x20000be4   Data          68  usart.o(.bss)
    huart6                                   0x20000c28   Data          68  usart.o(.bss)
    hdma_usart1_rx                           0x20000c6c   Data          96  usart.o(.bss)
    hdma_usart2_rx                           0x20000ccc   Data          96  usart.o(.bss)
    hdma_usart6_rx                           0x20000d2c   Data          96  usart.o(.bss)
    htim14                                   0x20000da4   Data          72  stm32f4xx_hal_timebase_tim.o(.bss)
    pFlash                                   0x20000dec   Data          32  stm32f4xx_hal_flash.o(.bss)
    logList                                  0x20004b1c   Data          20  log.o(.bss)
    shell                                    0x20004cb0   Data         120  shell_port.o(.bss)
    shellBuffer                              0x20004d28   Data         512  shell_port.o(.bss)
    shell_rxfifo                             0x20004f28   Data          16  shell_port.o(.bss)
    motor_can1                               0x20004f38   Data         416  bsp_can.o(.bss)
    motor_can2                               0x200050d8   Data         416  bsp_can.o(.bss)
    dbus_buf                                 0x20005278   Data          25  bsp_sbus.o(.bss)
    rc                                       0x20005291   Data          34  bsp_sbus.o(.bss)
    Chassis_Move                             0x200052b4   Data        2132  chassis_task.o(.bss)
    TripodHead_Position_pid                  0x20005b08   Data         108  test_task.o(.bss)
    SiGan_Speed_pid                          0x20005b74   Data         108  test_task.o(.bss)
    __heap_base                              0x20006698   Data           0  startup_stm32f427xx.o(HEAP)
    __heap_limit                             0x20006998   Data           0  startup_stm32f427xx.o(HEAP)
    __initial_sp                             0x20006d98   Data           0  startup_stm32f427xx.o(STACK)



==============================================================================

Memory Map of the image

  Image Entry point : 0x080001ad

  Load Region LR_IROM1 (Base: 0x08000000, Size: 0x0001107c, Max: 0x00200000, ABSOLUTE, COMPRESSED[0x00010eb8])

    Execution Region ER_IROM1 (Exec base: 0x08000000, Load base: 0x08000000, Size: 0x00010e20, Max: 0x00200000, ABSOLUTE)

    Exec Addr    Load Addr    Size         Type   Attr      Idx    E Section Name        Object

    0x08000000   0x08000000   0x000001ac   Data   RO            3    RESET               startup_stm32f427xx.o
    0x080001ac   0x080001ac   0x00000000   Code   RO         8660  * .ARM.Collect$$$$00000000  mc_w.l(entry.o)
    0x080001ac   0x080001ac   0x00000004   Code   RO         9052    .ARM.Collect$$$$00000001  mc_w.l(entry2.o)
    0x080001b0   0x080001b0   0x00000004   Code   RO         9055    .ARM.Collect$$$$00000004  mc_w.l(entry5.o)
    0x080001b4   0x080001b4   0x00000000   Code   RO         9057    .ARM.Collect$$$$00000008  mc_w.l(entry7b.o)
    0x080001b4   0x080001b4   0x00000000   Code   RO         9059    .ARM.Collect$$$$0000000A  mc_w.l(entry8b.o)
    0x080001b4   0x080001b4   0x00000008   Code   RO         9060    .ARM.Collect$$$$0000000B  mc_w.l(entry9a.o)
    0x080001bc   0x080001bc   0x00000004   Code   RO         9067    .ARM.Collect$$$$0000000E  mc_w.l(entry12b.o)
    0x080001c0   0x080001c0   0x00000000   Code   RO         9062    .ARM.Collect$$$$0000000F  mc_w.l(entry10a.o)
    0x080001c0   0x080001c0   0x00000000   Code   RO         9064    .ARM.Collect$$$$00000011  mc_w.l(entry11a.o)
    0x080001c0   0x080001c0   0x00000004   Code   RO         9053    .ARM.Collect$$$$00002712  mc_w.l(entry2.o)
    0x080001c4   0x080001c4   0x000000be   Code   RO         5316    .emb_text           port.o
    0x08000282   0x08000282   0x00000002   PAD
    0x08000284   0x08000284   0x00000024   Code   RO            4    .text               startup_stm32f427xx.o
    0x080002a8   0x080002a8   0x00000062   Code   RO         8663    .text               mc_w.l(uldiv.o)
    0x0800030a   0x0800030a   0x00000024   Code   RO         8668    .text               mc_w.l(memcpya.o)
    0x0800032e   0x0800032e   0x00000024   Code   RO         8672    .text               mc_w.l(memseta.o)
    0x08000352   0x08000352   0x00000018   Code   RO         8674    .text               mc_w.l(strncpy.o)
    0x0800036a   0x0800036a   0x0000000e   Code   RO         8676    .text               mc_w.l(strlen.o)
    0x08000378   0x08000378   0x0000001c   Code   RO         8678    .text               mc_w.l(strcmp.o)
    0x08000394   0x08000394   0x00000012   Code   RO         8680    .text               mc_w.l(strcpy.o)
    0x080003a6   0x080003a6   0x0000001e   Code   RO         8682    .text               mc_w.l(strncmp.o)
    0x080003c4   0x080003c4   0x0000002a   Code   RO         8686    .text               mc_w.l(strcasecmp.o)
    0x080003ee   0x080003ee   0x0000001a   Code   RO         8979    .text               mc_w.l(atoi.o)
    0x08000408   0x08000408   0x0000014e   Code   RO         8981    .text               mf_w.l(dadd.o)
    0x08000556   0x08000556   0x000000e4   Code   RO         8983    .text               mf_w.l(dmul.o)
    0x0800063a   0x0800063a   0x000000de   Code   RO         8985    .text               mf_w.l(ddiv.o)
    0x08000718   0x08000718   0x00000022   Code   RO         8987    .text               mf_w.l(dflti.o)
    0x0800073a   0x0800073a   0x00000026   Code   RO         8995    .text               mf_w.l(f2d.o)
    0x08000760   0x08000760   0x00000038   Code   RO         8997    .text               mf_w.l(d2f.o)
    0x08000798   0x08000798   0x0000002c   Code   RO         9069    .text               mc_w.l(uidiv.o)
    0x080007c4   0x080007c4   0x0000001e   Code   RO         9071    .text               mc_w.l(llshl.o)
    0x080007e2   0x080007e2   0x00000020   Code   RO         9073    .text               mc_w.l(llushr.o)
    0x08000802   0x08000802   0x00000024   Code   RO         9075    .text               mc_w.l(llsshr.o)
    0x08000826   0x08000826   0x0000000c   Code   RO         9077    .text               mc_w.l(tolower.o)
    0x08000832   0x08000832   0x00000002   PAD
    0x08000834   0x08000834   0x00000360   Code   RO         9100    .text               mc_w.l(scanf_fp.o)
    0x08000b94   0x08000b94   0x00000040   Code   RO         9106    .text               mc_w.l(_sgetc.o)
    0x08000bd4   0x08000bd4   0x0000009c   Code   RO         9108    .text               mc_w.l(strtod.o)
    0x08000c70   0x08000c70   0x00000070   Code   RO         9110    .text               mc_w.l(strtol.o)
    0x08000ce0   0x08000ce0   0x00000000   Code   RO         9112    .text               mc_w.l(iusefp.o)
    0x08000ce0   0x08000ce0   0x0000006e   Code   RO         9113    .text               mf_w.l(fepilogue.o)
    0x08000d4e   0x08000d4e   0x00000018   Code   RO         9115    .text               mf_w.l(fscalb.o)
    0x08000d66   0x08000d66   0x000000ba   Code   RO         9117    .text               mf_w.l(depilogue.o)
    0x08000e20   0x08000e20   0x0000002e   Code   RO         9121    .text               mf_w.l(dscalb.o)
    0x08000e4e   0x08000e4e   0x000000a2   Code   RO         9123    .text               mf_w.l(dsqrt.o)
    0x08000ef0   0x08000ef0   0x00000030   Code   RO         9125    .text               mf_w.l(dfixul.o)
    0x08000f20   0x08000f20   0x00000030   Code   RO         9127    .text               mf_w.l(cdcmple.o)
    0x08000f50   0x08000f50   0x00000030   Code   RO         9129    .text               mf_w.l(cdrcmple.o)
    0x08000f80   0x08000f80   0x00000024   Code   RO         9133    .text               mc_w.l(init.o)
    0x08000fa4   0x08000fa4   0x00000008   Code   RO         9137    .text               mc_w.l(ctype_o.o)
    0x08000fac   0x08000fac   0x00000012   Code   RO         9159    .text               mc_w.l(isspace_o.o)
    0x08000fbe   0x08000fbe   0x0000001c   Code   RO         9165    .text               mc_w.l(_chval.o)
    0x08000fda   0x08000fda   0x0000009e   Code   RO         9169    .text               mc_w.l(_strtoul.o)
    0x08001078   0x08001078   0x00000018   Code   RO         9171    .text               mf_w.l(dfltul.o)
    0x08001090   0x08001090   0x00000056   Code   RO         9184    .text               mc_w.l(__dczerorl2.o)
    0x080010e6   0x080010e6   0x00000002   Code   RO          655    i.BusFault_Handler  stm32f4xx_it.o
    0x080010e8   0x080010e8   0x0000000c   Code   RO          656    i.CAN1_RX0_IRQHandler  stm32f4xx_it.o
    0x080010f4   0x080010f4   0x0000000c   Code   RO          657    i.CAN1_TX_IRQHandler  stm32f4xx_it.o
    0x08001100   0x08001100   0x0000000c   Code   RO          658    i.CAN2_RX0_IRQHandler  stm32f4xx_it.o
    0x0800110c   0x0800110c   0x0000000c   Code   RO          659    i.CAN2_TX_IRQHandler  stm32f4xx_it.o
    0x08001118   0x08001118   0x00000050   Code   RO         6342    i.Can_TxMessage     bsp_can.o
    0x08001168   0x08001168   0x00000198   Code   RO         6029    i.DB_Co_API         commend.o
    0x08001300   0x08001300   0x0000000c   Code   RO          660    i.DMA1_Stream5_IRQHandler  stm32f4xx_it.o
    0x0800130c   0x0800130c   0x0000000c   Code   RO          661    i.DMA2_Stream1_IRQHandler  stm32f4xx_it.o
    0x08001318   0x08001318   0x0000000c   Code   RO          662    i.DMA2_Stream2_IRQHandler  stm32f4xx_it.o
    0x08001324   0x08001324   0x00000028   Code   RO         1706    i.DMA_CalcBaseAndBitshift  stm32f4xx_hal_dma.o
    0x0800134c   0x0800134c   0x00000054   Code   RO         1707    i.DMA_CheckFifoParam  stm32f4xx_hal_dma.o
    0x080013a0   0x080013a0   0x00000028   Code   RO         1708    i.DMA_SetConfig     stm32f4xx_hal_dma.o
    0x080013c8   0x080013c8   0x00000002   Code   RO          663    i.DebugMon_Handler  stm32f4xx_it.o
    0x080013ca   0x080013ca   0x00000004   Code   RO           13    i.Error_Handler     main.o
    0x080013ce   0x080013ce   0x00000002   PAD
    0x080013d0   0x080013d0   0x00000054   Code   RO         1481    i.FLASH_Erase_Sector  stm32f4xx_hal_flash_ex.o
    0x08001424   0x08001424   0x00000054   Code   RO         1482    i.FLASH_FlushCaches  stm32f4xx_hal_flash_ex.o
    0x08001478   0x08001478   0x00000040   Code   RO         1483    i.FLASH_MassErase   stm32f4xx_hal_flash_ex.o
    0x080014b8   0x080014b8   0x00000020   Code   RO         1363    i.FLASH_Program_Byte  stm32f4xx_hal_flash.o
    0x080014d8   0x080014d8   0x0000002c   Code   RO         1364    i.FLASH_Program_DoubleWord  stm32f4xx_hal_flash.o
    0x08001504   0x08001504   0x00000024   Code   RO         1365    i.FLASH_Program_HalfWord  stm32f4xx_hal_flash.o
    0x08001528   0x08001528   0x00000024   Code   RO         1366    i.FLASH_Program_Word  stm32f4xx_hal_flash.o
    0x0800154c   0x0800154c   0x0000007c   Code   RO         1367    i.FLASH_SetErrorCode  stm32f4xx_hal_flash.o
    0x080015c8   0x080015c8   0x00000050   Code   RO         1368    i.FLASH_WaitForLastOperation  stm32f4xx_hal_flash.o
    0x08001618   0x08001618   0x00000018   Code   RO         7087    i.Fetch_ring        solenoid_task.o
    0x08001630   0x08001630   0x00000024   Code   RO          962    i.HAL_CAN_ActivateNotification  stm32f4xx_hal_can.o
    0x08001654   0x08001654   0x000000dc   Code   RO          963    i.HAL_CAN_AddTxMessage  stm32f4xx_hal_can.o
    0x08001730   0x08001730   0x0000010c   Code   RO          964    i.HAL_CAN_ConfigFilter  stm32f4xx_hal_can.o
    0x0800183c   0x0800183c   0x00000002   Code   RO          967    i.HAL_CAN_ErrorCallback  stm32f4xx_hal_can.o
    0x0800183e   0x0800183e   0x000000e8   Code   RO          970    i.HAL_CAN_GetRxMessage  stm32f4xx_hal_can.o
    0x08001926   0x08001926   0x0000002c   Code   RO          972    i.HAL_CAN_GetTxMailboxesFreeLevel  stm32f4xx_hal_can.o
    0x08001952   0x08001952   0x000001fc   Code   RO          974    i.HAL_CAN_IRQHandler  stm32f4xx_hal_can.o
    0x08001b4e   0x08001b4e   0x0000011a   Code   RO          975    i.HAL_CAN_Init      stm32f4xx_hal_can.o
    0x08001c68   0x08001c68   0x0000011c   Code   RO          385    i.HAL_CAN_MspInit   can.o
    0x08001d84   0x08001d84   0x00000002   Code   RO          982    i.HAL_CAN_RxFifo0FullCallback  stm32f4xx_hal_can.o
    0x08001d86   0x08001d86   0x00000002   PAD
    0x08001d88   0x08001d88   0x00000070   Code   RO         6343    i.HAL_CAN_RxFifo0MsgPendingCallback  bsp_can.o
    0x08001df8   0x08001df8   0x00000002   Code   RO          984    i.HAL_CAN_RxFifo1FullCallback  stm32f4xx_hal_can.o
    0x08001dfa   0x08001dfa   0x00000002   Code   RO          985    i.HAL_CAN_RxFifo1MsgPendingCallback  stm32f4xx_hal_can.o
    0x08001dfc   0x08001dfc   0x00000002   Code   RO          986    i.HAL_CAN_SleepCallback  stm32f4xx_hal_can.o
    0x08001dfe   0x08001dfe   0x00000002   PAD
    0x08001e00   0x08001e00   0x00000058   Code   RO          987    i.HAL_CAN_Start     stm32f4xx_hal_can.o
    0x08001e58   0x08001e58   0x00000002   Code   RO          989    i.HAL_CAN_TxMailbox0AbortCallback  stm32f4xx_hal_can.o
    0x08001e5a   0x08001e5a   0x00000002   Code   RO          990    i.HAL_CAN_TxMailbox0CompleteCallback  stm32f4xx_hal_can.o
    0x08001e5c   0x08001e5c   0x00000002   Code   RO          991    i.HAL_CAN_TxMailbox1AbortCallback  stm32f4xx_hal_can.o
    0x08001e5e   0x08001e5e   0x00000002   Code   RO          992    i.HAL_CAN_TxMailbox1CompleteCallback  stm32f4xx_hal_can.o
    0x08001e60   0x08001e60   0x00000002   Code   RO          993    i.HAL_CAN_TxMailbox2AbortCallback  stm32f4xx_hal_can.o
    0x08001e62   0x08001e62   0x00000002   Code   RO          994    i.HAL_CAN_TxMailbox2CompleteCallback  stm32f4xx_hal_can.o
    0x08001e64   0x08001e64   0x00000002   Code   RO          996    i.HAL_CAN_WakeUpFromRxMsgCallback  stm32f4xx_hal_can.o
    0x08001e66   0x08001e66   0x00000092   Code   RO         1709    i.HAL_DMA_Abort     stm32f4xx_hal_dma.o
    0x08001ef8   0x08001ef8   0x00000024   Code   RO         1710    i.HAL_DMA_Abort_IT  stm32f4xx_hal_dma.o
    0x08001f1c   0x08001f1c   0x000001a0   Code   RO         1714    i.HAL_DMA_IRQHandler  stm32f4xx_hal_dma.o
    0x080020bc   0x080020bc   0x000000d4   Code   RO         1715    i.HAL_DMA_Init      stm32f4xx_hal_dma.o
    0x08002190   0x08002190   0x00000046   Code   RO         1718    i.HAL_DMA_Start     stm32f4xx_hal_dma.o
    0x080021d6   0x080021d6   0x0000006e   Code   RO         1719    i.HAL_DMA_Start_IT  stm32f4xx_hal_dma.o
    0x08002244   0x08002244   0x0000009c   Code   RO         1488    i.HAL_FLASHEx_Erase  stm32f4xx_hal_flash_ex.o
    0x080022e0   0x080022e0   0x00000014   Code   RO         1372    i.HAL_FLASH_Lock    stm32f4xx_hal_flash.o
    0x080022f4   0x080022f4   0x0000007c   Code   RO         1377    i.HAL_FLASH_Program  stm32f4xx_hal_flash.o
    0x08002370   0x08002370   0x0000002c   Code   RO         1379    i.HAL_FLASH_Unlock  stm32f4xx_hal_flash.o
    0x0800239c   0x0800239c   0x00000234   Code   RO         1602    i.HAL_GPIO_Init     stm32f4xx_hal_gpio.o
    0x080025d0   0x080025d0   0x0000000a   Code   RO         1606    i.HAL_GPIO_WritePin  stm32f4xx_hal_gpio.o
    0x080025da   0x080025da   0x00000002   PAD
    0x080025dc   0x080025dc   0x0000000c   Code   RO         2154    i.HAL_GetTick       stm32f4xx_hal.o
    0x080025e8   0x080025e8   0x00000010   Code   RO         2160    i.HAL_IncTick       stm32f4xx_hal.o
    0x080025f8   0x080025f8   0x00000034   Code   RO         2161    i.HAL_Init          stm32f4xx_hal.o
    0x0800262c   0x0800262c   0x00000098   Code   RO          922    i.HAL_InitTick      stm32f4xx_hal_timebase_tim.o
    0x080026c4   0x080026c4   0x00000038   Code   RO          898    i.HAL_MspInit       stm32f4xx_hal_msp.o
    0x080026fc   0x080026fc   0x0000001a   Code   RO         2009    i.HAL_NVIC_EnableIRQ  stm32f4xx_hal_cortex.o
    0x08002716   0x08002716   0x00000002   PAD
    0x08002718   0x08002718   0x00000040   Code   RO         2015    i.HAL_NVIC_SetPriority  stm32f4xx_hal_cortex.o
    0x08002758   0x08002758   0x00000024   Code   RO         2016    i.HAL_NVIC_SetPriorityGrouping  stm32f4xx_hal_cortex.o
    0x0800277c   0x0800277c   0x00000070   Code   RO         1938    i.HAL_PWREx_EnableOverDrive  stm32f4xx_hal_pwr_ex.o
    0x080027ec   0x080027ec   0x00000134   Code   RO         1196    i.HAL_RCC_ClockConfig  stm32f4xx_hal_rcc.o
    0x08002920   0x08002920   0x00000040   Code   RO         1200    i.HAL_RCC_GetClockConfig  stm32f4xx_hal_rcc.o
    0x08002960   0x08002960   0x00000020   Code   RO         1203    i.HAL_RCC_GetPCLK1Freq  stm32f4xx_hal_rcc.o
    0x08002980   0x08002980   0x00000020   Code   RO         1204    i.HAL_RCC_GetPCLK2Freq  stm32f4xx_hal_rcc.o
    0x080029a0   0x080029a0   0x00000064   Code   RO         1205    i.HAL_RCC_GetSysClockFreq  stm32f4xx_hal_rcc.o
    0x08002a04   0x08002a04   0x0000036c   Code   RO         1208    i.HAL_RCC_OscConfig  stm32f4xx_hal_rcc.o
    0x08002d70   0x08002d70   0x000000bc   Code   RO         2420    i.HAL_SPI_Init      stm32f4xx_hal_spi.o
    0x08002e2c   0x08002e2c   0x0000006c   Code   RO          458    i.HAL_SPI_MspInit   spi.o
    0x08002e98   0x08002e98   0x00000002   Code   RO         3437    i.HAL_TIMEx_BreakCallback  stm32f4xx_hal_tim_ex.o
    0x08002e9a   0x08002e9a   0x00000002   Code   RO         3438    i.HAL_TIMEx_CommutCallback  stm32f4xx_hal_tim_ex.o
    0x08002e9c   0x08002e9c   0x00000054   Code   RO         3440    i.HAL_TIMEx_ConfigBreakDeadTime  stm32f4xx_hal_tim_ex.o
    0x08002ef0   0x08002ef0   0x00000090   Code   RO         3456    i.HAL_TIMEx_MasterConfigSynchronization  stm32f4xx_hal_tim_ex.o
    0x08002f80   0x08002f80   0x0000005a   Code   RO         2733    i.HAL_TIM_Base_Init  stm32f4xx_hal_tim.o
    0x08002fda   0x08002fda   0x00000002   PAD
    0x08002fdc   0x08002fdc   0x00000058   Code   RO          500    i.HAL_TIM_Base_MspInit  tim.o
    0x08003034   0x08003034   0x00000080   Code   RO         2738    i.HAL_TIM_Base_Start_IT  stm32f4xx_hal_tim.o
    0x080030b4   0x080030b4   0x000000dc   Code   RO         2742    i.HAL_TIM_ConfigClockSource  stm32f4xx_hal_tim.o
    0x08003190   0x08003190   0x00000002   Code   RO         2767    i.HAL_TIM_IC_CaptureCallback  stm32f4xx_hal_tim.o
    0x08003192   0x08003192   0x00000166   Code   RO         2781    i.HAL_TIM_IRQHandler  stm32f4xx_hal_tim.o
    0x080032f8   0x080032f8   0x00000084   Code   RO          501    i.HAL_TIM_MspPostInit  tim.o
    0x0800337c   0x0800337c   0x00000002   Code   RO         2784    i.HAL_TIM_OC_DelayElapsedCallback  stm32f4xx_hal_tim.o
    0x0800337e   0x0800337e   0x000000cc   Code   RO         2805    i.HAL_TIM_PWM_ConfigChannel  stm32f4xx_hal_tim.o
    0x0800344a   0x0800344a   0x0000005a   Code   RO         2808    i.HAL_TIM_PWM_Init  stm32f4xx_hal_tim.o
    0x080034a4   0x080034a4   0x00000002   Code   RO         2810    i.HAL_TIM_PWM_MspInit  stm32f4xx_hal_tim.o
    0x080034a6   0x080034a6   0x00000002   Code   RO         2811    i.HAL_TIM_PWM_PulseFinishedCallback  stm32f4xx_hal_tim.o
    0x080034a8   0x080034a8   0x000000c8   Code   RO         2813    i.HAL_TIM_PWM_Start  stm32f4xx_hal_tim.o
    0x08003570   0x08003570   0x00000014   Code   RO           14    i.HAL_TIM_PeriodElapsedCallback  main.o
    0x08003584   0x08003584   0x00000002   Code   RO         2824    i.HAL_TIM_TriggerCallback  stm32f4xx_hal_tim.o
    0x08003586   0x08003586   0x00000002   Code   RO         3715    i.HAL_UARTEx_RxEventCallback  stm32f4xx_hal_uart.o
    0x08003588   0x08003588   0x00000070   Code   RO         3727    i.HAL_UART_DMAStop  stm32f4xx_hal_uart.o
    0x080035f8   0x080035f8   0x00000002   Code   RO         3729    i.HAL_UART_ErrorCallback  stm32f4xx_hal_uart.o
    0x080035fa   0x080035fa   0x00000002   PAD
    0x080035fc   0x080035fc   0x00000268   Code   RO         3732    i.HAL_UART_IRQHandler  stm32f4xx_hal_uart.o
    0x08003864   0x08003864   0x00000062   Code   RO         3733    i.HAL_UART_Init     stm32f4xx_hal_uart.o
    0x080038c6   0x080038c6   0x00000002   PAD
    0x080038c8   0x080038c8   0x000002f4   Code   RO          554    i.HAL_UART_MspInit  usart.o
    0x08003bbc   0x08003bbc   0x0000002a   Code   RO         3737    i.HAL_UART_Receive_DMA  stm32f4xx_hal_uart.o
    0x08003be6   0x08003be6   0x0000002a   Code   RO         3738    i.HAL_UART_Receive_IT  stm32f4xx_hal_uart.o
    0x08003c10   0x08003c10   0x00000068   Code   RO          555    i.HAL_UART_RxCpltCallback  usart.o
    0x08003c78   0x08003c78   0x00000002   Code   RO         3740    i.HAL_UART_RxHalfCpltCallback  stm32f4xx_hal_uart.o
    0x08003c7a   0x08003c7a   0x00000002   PAD
    0x08003c7c   0x08003c7c   0x000000b2   Code   RO         3741    i.HAL_UART_Transmit  stm32f4xx_hal_uart.o
    0x08003d2e   0x08003d2e   0x00000002   Code   RO         3744    i.HAL_UART_TxCpltCallback  stm32f4xx_hal_uart.o
    0x08003d30   0x08003d30   0x00000002   Code   RO          664    i.HardFault_Handler  stm32f4xx_it.o
    0x08003d32   0x08003d32   0x00000002   PAD
    0x08003d34   0x08003d34   0x0000005c   Code   RO         6873    i.LED_ALL_OFF       led_task.o
    0x08003d90   0x08003d90   0x00000044   Code   RO          386    i.MX_CAN1_Init      can.o
    0x08003dd4   0x08003dd4   0x00000044   Code   RO          387    i.MX_CAN2_Init      can.o
    0x08003e18   0x08003e18   0x0000005c   Code   RO          433    i.MX_DMA_Init       dma.o
    0x08003e74   0x08003e74   0x00000078   Code   RO          334    i.MX_FREERTOS_Init  freertos.o
    0x08003eec   0x08003eec   0x00000180   Code   RO          310    i.MX_GPIO_Init      gpio.o
    0x0800406c   0x0800406c   0x0000004c   Code   RO          459    i.MX_SPI4_Init      spi.o
    0x080040b8   0x080040b8   0x0000009c   Code   RO          502    i.MX_TIM4_Init      tim.o
    0x08004154   0x08004154   0x000000dc   Code   RO          503    i.MX_TIM8_Init      tim.o
    0x08004230   0x08004230   0x00000038   Code   RO          556    i.MX_UART7_Init     usart.o
    0x08004268   0x08004268   0x00000038   Code   RO          557    i.MX_UART8_Init     usart.o
    0x080042a0   0x080042a0   0x0000003c   Code   RO          558    i.MX_USART1_UART_Init  usart.o
    0x080042dc   0x080042dc   0x00000038   Code   RO          559    i.MX_USART2_UART_Init  usart.o
    0x08004314   0x08004314   0x00000038   Code   RO          560    i.MX_USART3_UART_Init  usart.o
    0x0800434c   0x0800434c   0x00000038   Code   RO          561    i.MX_USART6_UART_Init  usart.o
    0x08004384   0x08004384   0x00000002   Code   RO          665    i.MemManage_Handler  stm32f4xx_it.o
    0x08004386   0x08004386   0x00000002   Code   RO          666    i.NMI_Handler       stm32f4xx_it.o
    0x08004388   0x08004388   0x0000003c   Code   RO         7218    i.PID_struct_init   pid.o
    0x080043c4   0x080043c4   0x000000ac   Code   RO         6877    i.RUN_LED           led_task.o
    0x08004470   0x08004470   0x0000003c   Code   RO         7093    i.Solenoid_Reset    solenoid_task.o
    0x080044ac   0x080044ac   0x0000002c   Code   RO         5317    i.SysTick_Handler   port.o
    0x080044d8   0x080044d8   0x000000a0   Code   RO           15    i.SystemClock_Config  main.o
    0x08004578   0x08004578   0x00000010   Code   RO         4062    i.SystemInit        system_stm32f4xx.o
    0x08004588   0x08004588   0x0000001c   Code   RO          667    i.TIM8_TRG_COM_TIM14_IRQHandler  stm32f4xx_it.o
    0x080045a4   0x080045a4   0x000000c8   Code   RO         2826    i.TIM_Base_SetConfig  stm32f4xx_hal_tim.o
    0x0800466c   0x0800466c   0x0000001a   Code   RO         2827    i.TIM_CCxChannelCmd  stm32f4xx_hal_tim.o
    0x08004686   0x08004686   0x00000014   Code   RO         2837    i.TIM_ETR_SetConfig  stm32f4xx_hal_tim.o
    0x0800469a   0x0800469a   0x00000010   Code   RO         2838    i.TIM_ITRx_SetConfig  stm32f4xx_hal_tim.o
    0x080046aa   0x080046aa   0x00000002   PAD
    0x080046ac   0x080046ac   0x00000060   Code   RO         2839    i.TIM_OC1_SetConfig  stm32f4xx_hal_tim.o
    0x0800470c   0x0800470c   0x0000006c   Code   RO         2840    i.TIM_OC2_SetConfig  stm32f4xx_hal_tim.o
    0x08004778   0x08004778   0x00000068   Code   RO         2841    i.TIM_OC3_SetConfig  stm32f4xx_hal_tim.o
    0x080047e0   0x080047e0   0x00000050   Code   RO         2842    i.TIM_OC4_SetConfig  stm32f4xx_hal_tim.o
    0x08004830   0x08004830   0x00000022   Code   RO         2844    i.TIM_TI1_ConfigInputStage  stm32f4xx_hal_tim.o
    0x08004852   0x08004852   0x00000024   Code   RO         2846    i.TIM_TI2_ConfigInputStage  stm32f4xx_hal_tim.o
    0x08004876   0x08004876   0x00000002   PAD
    0x08004878   0x08004878   0x0000000c   Code   RO          668    i.UART7_IRQHandler  stm32f4xx_it.o
    0x08004884   0x08004884   0x0000000c   Code   RO          669    i.UART8_IRQHandler  stm32f4xx_it.o
    0x08004890   0x08004890   0x00000010   Code   RO         3746    i.UART_DMAAbortOnError  stm32f4xx_hal_uart.o
    0x080048a0   0x080048a0   0x0000004a   Code   RO         3747    i.UART_DMAError     stm32f4xx_hal_uart.o
    0x080048ea   0x080048ea   0x00000082   Code   RO         3748    i.UART_DMAReceiveCplt  stm32f4xx_hal_uart.o
    0x0800496c   0x0800496c   0x0000001a   Code   RO         3750    i.UART_DMARxHalfCplt  stm32f4xx_hal_uart.o
    0x08004986   0x08004986   0x0000004e   Code   RO         3756    i.UART_EndRxTransfer  stm32f4xx_hal_uart.o
    0x080049d4   0x080049d4   0x0000001c   Code   RO         3757    i.UART_EndTxTransfer  stm32f4xx_hal_uart.o
    0x080049f0   0x080049f0   0x000000c0   Code   RO         3758    i.UART_Receive_IT   stm32f4xx_hal_uart.o
    0x08004ab0   0x08004ab0   0x0000010c   Code   RO         3759    i.UART_SetConfig    stm32f4xx_hal_uart.o
    0x08004bbc   0x08004bbc   0x00000094   Code   RO         3760    i.UART_Start_Receive_DMA  stm32f4xx_hal_uart.o
    0x08004c50   0x08004c50   0x0000003a   Code   RO         3761    i.UART_Start_Receive_IT  stm32f4xx_hal_uart.o
    0x08004c8a   0x08004c8a   0x00000078   Code   RO         3762    i.UART_WaitOnFlagUntilTimeout  stm32f4xx_hal_uart.o
    0x08004d02   0x08004d02   0x00000002   PAD
    0x08004d04   0x08004d04   0x00000018   Code   RO          670    i.USART1_IRQHandler  stm32f4xx_it.o
    0x08004d1c   0x08004d1c   0x000001e4   Code   RO          671    i.USART2_IRQHandler  stm32f4xx_it.o
    0x08004f00   0x08004f00   0x000000d0   Code   RO          672    i.USART6_IRQHandler  stm32f4xx_it.o
    0x08004fd0   0x08004fd0   0x00000002   Code   RO          673    i.UsageFault_Handler  stm32f4xx_it.o
    0x08004fd2   0x08004fd2   0x00000002   PAD
    0x08004fd4   0x08004fd4   0x00000028   Code   RO         6676    i.Usart2Printf      action_usart.o
    0x08004ffc   0x08004ffc   0x00000028   Code   RO         6677    i.Usart5Printf      action_usart.o
    0x08005024   0x08005024   0x00000020   Code   RO         8921    i.__0printf         mc_w.l(printfa.o)
    0x08005044   0x08005044   0x00000034   Code   RO         8922    i.__0snprintf       mc_w.l(printfa.o)
    0x08005078   0x08005078   0x00000028   Code   RO         8923    i.__0sprintf        mc_w.l(printfa.o)
    0x080050a0   0x080050a0   0x00000034   Code   RO         8926    i.__0vsnprintf      mc_w.l(printfa.o)
    0x080050d4   0x080050d4   0x00000030   Code   RO         9033    i.__ARM_fpclassify  m_wm.l(fpclassify.o)
    0x08005104   0x08005104   0x00000020   Code   RO         2022    i.__NVIC_SetPriority  stm32f4xx_hal_cortex.o
    0x08005124   0x08005124   0x00000008   Code   RO         9087    i.__aeabi_errno_addr  mc_w.l(errno.o)
    0x0800512c   0x0800512c   0x00000004   PAD
    0x08005130   0x08005130   0x000002d8   Code   RO         8999    i.__hardfp_atan     m_wm.l(atan.o)
    0x08005408   0x08005408   0x00000200   Code   RO         8592    i.__hardfp_atan2    m_wm.l(atan2.o)
    0x08005608   0x08005608   0x00000038   Code   RO         8604    i.__hardfp_atof     m_wm.l(atof.o)
    0x08005640   0x08005640   0x0000008e   Code   RO         8616    i.__hardfp_ldexpf   m_wm.l(ldexpf.o)
    0x080056ce   0x080056ce   0x00000002   PAD
    0x080056d0   0x080056d0   0x00000c50   Code   RO         8628    i.__hardfp_pow      m_wm.l(pow.o)
    0x08006320   0x08006320   0x0000007a   Code   RO         8642    i.__hardfp_sqrt     m_wm.l(sqrt.o)
    0x0800639a   0x0800639a   0x00000006   PAD
    0x080063a0   0x080063a0   0x00000028   Code   RO         8654    i.__hardfp_strtod   m_wm.l(strtod.o)
    0x080063c8   0x080063c8   0x000000f8   Code   RO         9049    i.__kernel_poly     m_wm.l(poly.o)
    0x080064c0   0x080064c0   0x00000036   Code   RO         7270    i.__kfifo_in_data   kfifo.o
    0x080064f6   0x080064f6   0x00000036   Code   RO         7272    i.__kfifo_out_data  kfifo.o
    0x0800652c   0x0800652c   0x00000004   PAD
    0x08006530   0x08006530   0x00000030   Code   RO         9013    i.__mathlib_dbl_divzero  m_wm.l(dunder.o)
    0x08006560   0x08006560   0x00000014   Code   RO         9014    i.__mathlib_dbl_infnan  m_wm.l(dunder.o)
    0x08006574   0x08006574   0x00000014   Code   RO         9015    i.__mathlib_dbl_infnan2  m_wm.l(dunder.o)
    0x08006588   0x08006588   0x00000020   Code   RO         9016    i.__mathlib_dbl_invalid  m_wm.l(dunder.o)
    0x080065a8   0x080065a8   0x00000020   Code   RO         9017    i.__mathlib_dbl_overflow  m_wm.l(dunder.o)
    0x080065c8   0x080065c8   0x00000020   Code   RO         9019    i.__mathlib_dbl_underflow  m_wm.l(dunder.o)
    0x080065e8   0x080065e8   0x00000010   Code   RO         9039    i.__mathlib_flt_overflow  m_wm.l(funder.o)
    0x080065f8   0x080065f8   0x00000010   Code   RO         9041    i.__mathlib_flt_underflow  m_wm.l(funder.o)
    0x08006608   0x08006608   0x0000000c   Code   RO         9088    i.__read_errno      mc_w.l(errno.o)
    0x08006614   0x08006614   0x0000000e   Code   RO         9178    i.__scatterload_copy  mc_w.l(handlers.o)
    0x08006622   0x08006622   0x00000002   Code   RO         9179    i.__scatterload_null  mc_w.l(handlers.o)
    0x08006624   0x08006624   0x0000000e   Code   RO         9180    i.__scatterload_zeroinit  mc_w.l(handlers.o)
    0x08006632   0x08006632   0x00000002   PAD
    0x08006634   0x08006634   0x0000000c   Code   RO         9089    i.__set_errno       mc_w.l(errno.o)
    0x08006640   0x08006640   0x00000060   Code   RO         8274    i._fdb_continue_ff_addr  fdb_utils.o
    0x080066a0   0x080066a0   0x0000000e   Code   RO         7796    i._fdb_db_path      fdb.o
    0x080066ae   0x080066ae   0x0000001c   Code   RO         8275    i._fdb_flash_erase  fdb_utils.o
    0x080066ca   0x080066ca   0x0000001c   Code   RO         8276    i._fdb_flash_read   fdb_utils.o
    0x080066e6   0x080066e6   0x0000001c   Code   RO         8277    i._fdb_flash_write  fdb_utils.o
    0x08006702   0x08006702   0x00000002   PAD
    0x08006704   0x08006704   0x0000001e   Code   RO         8278    i._fdb_get_status   fdb_utils.o
    0x08006722   0x08006722   0x00000002   PAD
    0x08006724   0x08006724   0x00000258   Code   RO         7798    i._fdb_init_ex      fdb.o
    0x0800697c   0x0800697c   0x000000f0   Code   RO         7799    i._fdb_init_finish  fdb.o
    0x08006a6c   0x08006a6c   0x0000010c   Code   RO         7832    i._fdb_kv_load      fdb_kvdb.o
    0x08006b78   0x08006b78   0x00000088   Code   RO         8279    i._fdb_read_status  fdb_utils.o
    0x08006c00   0x08006c00   0x00000024   Code   RO         8280    i._fdb_set_status   fdb_utils.o
    0x08006c24   0x08006c24   0x000000cc   Code   RO         8281    i._fdb_write_status  fdb_utils.o
    0x08006cf0   0x08006cf0   0x00000184   Code   RO         8928    i._fp_digits        mc_w.l(printfa.o)
    0x08006e74   0x08006e74   0x0000000e   Code   RO         9102    i._is_digit         mc_w.l(scanf_fp.o)
    0x08006e82   0x08006e82   0x00000002   PAD
    0x08006e84   0x08006e84   0x000006b4   Code   RO         8929    i._printf_core      mc_w.l(printfa.o)
    0x08007538   0x08007538   0x00000024   Code   RO         8930    i._printf_post_padding  mc_w.l(printfa.o)
    0x0800755c   0x0800755c   0x0000002e   Code   RO         8931    i._printf_pre_padding  mc_w.l(printfa.o)
    0x0800758a   0x0800758a   0x00000016   Code   RO         8932    i._snputc           mc_w.l(printfa.o)
    0x080075a0   0x080075a0   0x0000000a   Code   RO         8933    i._sputc            mc_w.l(printfa.o)
    0x080075aa   0x080075aa   0x0000002a   Code   RO         7219    i.abs_limit         pid.o
    0x080075d4   0x080075d4   0x00000020   Code   RO         5881    i.agencylogHexDump  log.o
    0x080075f4   0x080075f4   0x0000001a   Code   RO         5882    i.agencylogSetLevel  log.o
    0x0800760e   0x0800760e   0x00000008   Code   RO         6981    i.agencysetkd       test_task.o
    0x08007616   0x08007616   0x00000008   Code   RO         6982    i.agencysetki       test_task.o
    0x0800761e   0x0800761e   0x00000008   Code   RO         6983    i.agencysetkp       test_task.o
    0x08007626   0x08007626   0x00000008   Code   RO         6984    i.agencysett        test_task.o
    0x0800762e   0x0800762e   0x0000002a   Code   RO         7833    i.align_write       fdb_kvdb.o
    0x08007658   0x08007658   0x00000130   Code   RO         7834    i.alloc_kv          fdb_kvdb.o
    0x08007788   0x08007788   0x0000002c   Code   RO         7835    i.alloc_kv_cb       fdb_kvdb.o
    0x080077b4   0x080077b4   0x00000010   Code   RO         9001    i.atan              m_wm.l(atan.o)
    0x080077c4   0x080077c4   0x000000e8   Code   RO         7320    i.bldc_interface_fault_to_string  bldc_interface.o
    0x080078ac   0x080078ac   0x0000000c   Code   RO         7328    i.bldc_interface_init  bldc_interface.o
    0x080078b8   0x080078b8   0x00000b24   Code   RO         7329    i.bldc_interface_process_packet  bldc_interface.o
    0x080083dc   0x080083dc   0x0000000c   Code   RO         7353    i.bldc_interface_set_rx_value_func  bldc_interface.o
    0x080083e8   0x080083e8   0x0000001c   Code   RO         7583    i.bldc_interface_uart_init  bldc_interface_uart.o
    0x08008404   0x08008404   0x00000004   Code   RO         7584    i.bldc_interface_uart_process_byte  bldc_interface_uart.o
    0x08008408   0x08008408   0x00000264   Code   RO         6603    i.bldc_val_received  bsp_vesc.o
    0x0800866c   0x0800866c   0x0000002a   Code   RO         7646    i.buffer_append_int32  buffer.o
    0x08008696   0x08008696   0x00000018   Code   RO         7652    i.buffer_get_float16  buffer.o
    0x080086ae   0x080086ae   0x00000018   Code   RO         7653    i.buffer_get_float32  buffer.o
    0x080086c6   0x080086c6   0x00000002   PAD
    0x080086c8   0x080086c8   0x00000070   Code   RO         7654    i.buffer_get_float32_auto  buffer.o
    0x08008738   0x08008738   0x00000010   Code   RO         7655    i.buffer_get_int16  buffer.o
    0x08008748   0x08008748   0x00000020   Code   RO         7656    i.buffer_get_int32  buffer.o
    0x08008768   0x08008768   0x0000000e   Code   RO         7658    i.buffer_get_uint16  buffer.o
    0x08008776   0x08008776   0x00000020   Code   RO         7659    i.buffer_get_uint32  buffer.o
    0x08008796   0x08008796   0x0000004c   Code   RO         6344    i.can_filter_recv_special  bsp_can.o
    0x080087e2   0x080087e2   0x00000002   PAD
    0x080087e4   0x080087e4   0x000000c4   Code   RO         6706    i.chassis_behaviour_control_set  chassis_behaviour.o
    0x080088a8   0x080088a8   0x00000058   Code   RO         6707    i.chassis_behaviour_mode_set  chassis_behaviour.o
    0x08008900   0x08008900   0x0000010c   Code   RO         6748    i.chassis_control_loop  chassis_task.o
    0x08008a0c   0x08008a0c   0x000000bc   Code   RO         6749    i.chassis_feedback_update  chassis_task.o
    0x08008ac8   0x08008ac8   0x00000118   Code   RO         6750    i.chassis_init      chassis_task.o
    0x08008be0   0x08008be0   0x00000354   Code   RO         6751    i.chassis_kinematics_wheel4_speed  chassis_task.o
    0x08008f34   0x08008f34   0x00000118   Code   RO         6752    i.chassis_set_kinematics  chassis_task.o
    0x0800904c   0x0800904c   0x00000070   Code   RO         6753    i.chassis_task      chassis_task.o
    0x080090bc   0x080090bc   0x0000001e   Code   RO         7836    i.check_and_recovery_gc_cb  fdb_kvdb.o
    0x080090da   0x080090da   0x00000002   PAD
    0x080090dc   0x080090dc   0x00000144   Code   RO         7837    i.check_and_recovery_kv_cb  fdb_kvdb.o
    0x08009220   0x08009220   0x000000f0   Code   RO         8397    i.check_and_update_part_cache  fal_partition.o
    0x08009310   0x08009310   0x0000001c   Code   RO         7838    i.check_oldest_addr_cb  fdb_kvdb.o
    0x0800932c   0x0800932c   0x000000a8   Code   RO         7839    i.check_sec_hdr_cb  fdb_kvdb.o
    0x080093d4   0x080093d4   0x0000002c   Code   RO         7623    i.crc16             crc.o
    0x08009400   0x08009400   0x00000298   Code   RO         7840    i.create_kv_blob    fdb_kvdb.o
    0x08009698   0x08009698   0x00000034   Code   RO         6032    i.db                commend.o
    0x080096cc   0x080096cc   0x00000048   Code   RO         6432    i.dbus_uart_init    bsp_sbus.o
    0x08009714   0x08009714   0x00000160   Code   RO         7841    i.del_kv            fdb_kvdb.o
    0x08009874   0x08009874   0x0000019c   Code   RO         7842    i.do_gc             fdb_kvdb.o
    0x08009a10   0x08009a10   0x0000005c   Code   RO         8548    i.erase             fal_flash_stm32f4.o
    0x08009a6c   0x08009a6c   0x00000018   Code   RO         9029    i.fabs              m_wm.l(fabs.o)
    0x08009a84   0x08009a84   0x00000074   Code   RO         8523    i.fal_flash_device_find  fal_flash.o
    0x08009af8   0x08009af8   0x00000124   Code   RO         8524    i.fal_flash_init    fal_flash.o
    0x08009c1c   0x08009c1c   0x000000fc   Code   RO         8502    i.fal_init          fal.o
    0x08009d18   0x08009d18   0x0000015c   Code   RO         8399    i.fal_partition_erase  fal_partition.o
    0x08009e74   0x08009e74   0x00000070   Code   RO         8401    i.fal_partition_find  fal_partition.o
    0x08009ee4   0x08009ee4   0x0000002c   Code   RO         8402    i.fal_partition_init  fal_partition.o
    0x08009f10   0x08009f10   0x00000170   Code   RO         8403    i.fal_partition_read  fal_partition.o
    0x0800a080   0x0800a080   0x00000174   Code   RO         8404    i.fal_partition_write  fal_partition.o
    0x0800a1f4   0x0800a1f4   0x00000244   Code   RO         8406    i.fal_show_part_table  fal_partition.o
    0x0800a438   0x0800a438   0x00000006   Code   RO         8282    i.fdb_blob_make     fdb_utils.o
    0x0800a43e   0x0800a43e   0x00000002   PAD
    0x0800a440   0x0800a440   0x00000024   Code   RO         8284    i.fdb_calc_crc32    fdb_utils.o
    0x0800a464   0x0800a464   0x0000001a   Code   RO         7843    i.fdb_is_str        fdb_kvdb.o
    0x0800a47e   0x0800a47e   0x00000002   PAD
    0x0800a480   0x0800a480   0x00000094   Code   RO         7844    i.fdb_kv_del        fdb_kvdb.o
    0x0800a514   0x0800a514   0x000000d0   Code   RO         7846    i.fdb_kv_get_blob   fdb_kvdb.o
    0x0800a5e4   0x0800a5e4   0x000000ec   Code   RO         7850    i.fdb_kv_print      fdb_kvdb.o
    0x0800a6d0   0x0800a6d0   0x00000094   Code   RO         7852    i.fdb_kv_set_blob   fdb_kvdb.o
    0x0800a764   0x0800a764   0x0000008a   Code   RO         7853    i.fdb_kv_set_default  fdb_kvdb.o
    0x0800a7ee   0x0800a7ee   0x00000002   PAD
    0x0800a7f0   0x0800a7f0   0x000001c0   Code   RO         7857    i.fdb_kvdb_init     fdb_kvdb.o
    0x0800a9b0   0x0800a9b0   0x0000004e   Code   RO         7858    i.find_kv           fdb_kvdb.o
    0x0800a9fe   0x0800a9fe   0x00000036   Code   RO         7859    i.find_kv_cb        fdb_kvdb.o
    0x0800aa34   0x0800aa34   0x00000024   Code   RO         7860    i.find_kv_no_cache  fdb_kvdb.o
    0x0800aa58   0x0800aa58   0x00000098   Code   RO         7861    i.find_next_kv_addr  fdb_kvdb.o
    0x0800aaf0   0x0800aaf0   0x000000b0   Code   RO         8407    i.flash_device_find_by_part  fal_partition.o
    0x0800aba0   0x0800aba0   0x00000108   Code   RO         7862    i.format_sector     fdb_kvdb.o
    0x0800aca8   0x0800aca8   0x0000001c   Code   RO           16    i.fputc             main.o
    0x0800acc4   0x0800acc4   0x0000000e   Code   RO         7863    i.gc_check_cb       fdb_kvdb.o
    0x0800acd2   0x0800acd2   0x00000006   Code   RO         7864    i.gc_collect        fdb_kvdb.o
    0x0800acd8   0x0800acd8   0x00000100   Code   RO         7865    i.gc_collect_by_free_size  fdb_kvdb.o
    0x0800add8   0x0800add8   0x00000018   Code   RO         6345    i.get_chassis_motor_measure_point  bsp_can.o
    0x0800adf0   0x0800adf0   0x00000086   Code   RO         7866    i.get_kv_from_cache  fdb_kvdb.o
    0x0800ae76   0x0800ae76   0x0000004c   Code   RO         6346    i.get_motor_measure  bsp_can.o
    0x0800aec2   0x0800aec2   0x0000000a   Code   RO         6347    i.get_motor_offset  bsp_can.o
    0x0800aecc   0x0800aecc   0x00000056   Code   RO         7867    i.get_next_kv_addr  fdb_kvdb.o
    0x0800af22   0x0800af22   0x0000002a   Code   RO         7868    i.get_next_sector_addr  fdb_kvdb.o
    0x0800af4c   0x0800af4c   0x00000008   Code   RO         6434    i.get_remote_control_point  bsp_sbus.o
    0x0800af54   0x0800af54   0x0000002a   Code   RO         7869    i.get_sector_from_cache  fdb_kvdb.o
    0x0800af7e   0x0800af7e   0x0000003c   Code   RO         6348    i.get_total_angle   bsp_can.o
    0x0800afba   0x0800afba   0x0000002a   Code   RO         7274    i.kfifo_in          kfifo.o
    0x0800afe4   0x0800afe4   0x0000000c   Code   RO         7275    i.kfifo_init        kfifo.o
    0x0800aff0   0x0800aff0   0x00000026   Code   RO         7276    i.kfifo_out         kfifo.o
    0x0800b016   0x0800b016   0x00000072   Code   RO         7870    i.kv_iterator       fdb_kvdb.o
    0x0800b088   0x0800b088   0x000001b8   Code   RO         8358    i.kvdb_basic_sample  kvdb_basic_sample.o
    0x0800b240   0x0800b240   0x00000098   Code   RO         6878    i.led_task          led_task.o
    0x0800b2d8   0x0800b2d8   0x0000017c   Code   RO         5883    i.logHexDump        log.o
    0x0800b454   0x0800b454   0x00000038   Code   RO         5884    i.logRegister       log.o
    0x0800b48c   0x0800b48c   0x000000a0   Code   RO         5885    i.logSetLevel       log.o
    0x0800b52c   0x0800b52c   0x00000044   Code   RO         5886    i.logSwitchLevel    log.o
    0x0800b570   0x0800b570   0x0000002c   Code   RO         5888    i.logWrite          log.o
    0x0800b59c   0x0800b59c   0x00000058   Code   RO         5889    i.logWriteBuffer    log.o
    0x0800b5f4   0x0800b5f4   0x00000120   Code   RO           17    i.main              main.o
    0x0800b714   0x0800b714   0x0000000c   Code   RO         4882    i.makeFreeRtosPriority  cmsis_os.o
    0x0800b720   0x0800b720   0x0000006c   Code   RO         8950    i.malloc            mc_w.l(malloc.o)
    0x0800b78c   0x0800b78c   0x000001c8   Code   RO         7871    i.move_kv           fdb_kvdb.o
    0x0800b954   0x0800b954   0x00000056   Code   RO         6349    i.my_can_filter_init_recv_all  bsp_can.o
    0x0800b9aa   0x0800b9aa   0x00000002   PAD
    0x0800b9ac   0x0800b9ac   0x00000124   Code   RO         7872    i.new_kv            fdb_kvdb.o
    0x0800bad0   0x0800bad0   0x0000000e   Code   RO         4884    i.osDelay           cmsis_os.o
    0x0800bade   0x0800bade   0x0000000a   Code   RO         4887    i.osKernelStart     cmsis_os.o
    0x0800bae8   0x0800bae8   0x00000010   Code   RO         4902    i.osMutexCreate     cmsis_os.o
    0x0800baf8   0x0800baf8   0x00000054   Code   RO         4921    i.osThreadCreate    cmsis_os.o
    0x0800bb4c   0x0800bb4c   0x00000014   Code   RO         7764    i.packet_init       packet.o
    0x0800bb60   0x0800bb60   0x000000bc   Code   RO         7765    i.packet_process_byte  packet.o
    0x0800bc1c   0x0800bc1c   0x0000008c   Code   RO         7766    i.packet_send_packet  packet.o
    0x0800bca8   0x0800bca8   0x000001c4   Code   RO         7220    i.pid_calc          pid.o
    0x0800be6c   0x0800be6c   0x0000000e   Code   RO         7221    i.pid_param_init    pid.o
    0x0800be7a   0x0800be7a   0x00000006   Code   RO         7222    i.pid_reset         pid.o
    0x0800be80   0x0800be80   0x000000cc   Code   RO         7873    i.print_kv_cb       fdb_kvdb.o
    0x0800bf4c   0x0800bf4c   0x00000004   Code   RO         7586    i.process_packet    bldc_interface_uart.o
    0x0800bf50   0x0800bf50   0x00000070   Code   RO         4564    i.prvAddCurrentTaskToDelayedList  tasks.o
    0x0800bfc0   0x0800bfc0   0x000000d0   Code   RO         4565    i.prvAddNewTaskToReadyList  tasks.o
    0x0800c090   0x0800c090   0x0000006c   Code   RO         4241    i.prvCopyDataToQueue  queue.o
    0x0800c0fc   0x0800c0fc   0x00000034   Code   RO         4566    i.prvDeleteTCB      tasks.o
    0x0800c130   0x0800c130   0x0000004c   Code   RO         5249    i.prvHeapInit       heap_4.o
    0x0800c17c   0x0800c17c   0x00000060   Code   RO         4567    i.prvIdleTask       tasks.o
    0x0800c1dc   0x0800c1dc   0x00000016   Code   RO         4242    i.prvInitialiseMutex  queue.o
    0x0800c1f2   0x0800c1f2   0x00000016   Code   RO         4243    i.prvInitialiseNewQueue  queue.o
    0x0800c208   0x0800c208   0x00000098   Code   RO         4568    i.prvInitialiseNewTask  tasks.o
    0x0800c2a0   0x0800c2a0   0x0000004c   Code   RO         5250    i.prvInsertBlockIntoFreeList  heap_4.o
    0x0800c2ec   0x0800c2ec   0x00000020   Code   RO         4569    i.prvResetNextTaskUnblockTime  tasks.o
    0x0800c30c   0x0800c30c   0x00000028   Code   RO         5318    i.prvTaskExitError  port.o
    0x0800c334   0x0800c334   0x0000006a   Code   RO         4245    i.prvUnlockQueue    queue.o
    0x0800c39e   0x0800c39e   0x00000002   PAD
    0x0800c3a0   0x0800c3a0   0x000000dc   Code   RO         5251    i.pvPortMalloc      heap_4.o
    0x0800c47c   0x0800c47c   0x0000002c   Code   RO         5319    i.pxPortInitialiseStack  port.o
    0x0800c4a8   0x0800c4a8   0x0000018e   Code   RO         6435    i.rc_callback_handler  bsp_sbus.o
    0x0800c636   0x0800c636   0x00000002   PAD
    0x0800c638   0x0800c638   0x00000018   Code   RO         8549    i.read              fal_flash_stm32f4.o
    0x0800c650   0x0800c650   0x00000208   Code   RO         7874    i.read_kv           fdb_kvdb.o
    0x0800c858   0x0800c858   0x00000228   Code   RO         7875    i.read_sector_info  fdb_kvdb.o
    0x0800ca80   0x0800ca80   0x00000066   Code   RO         7876    i.sector_iterator   fdb_kvdb.o
    0x0800cae6   0x0800cae6   0x00000022   Code   RO         7877    i.sector_statistics_cb  fdb_kvdb.o
    0x0800cb08   0x0800cb08   0x0000004c   Code   RO         6604    i.send_package_0    bsp_vesc.o
    0x0800cb54   0x0800cb54   0x00000006   Code   RO         7587    i.send_packet_bldc_interface  bldc_interface_uart.o
    0x0800cb5a   0x0800cb5a   0x000000a0   Code   RO         7878    i.set_kv            fdb_kvdb.o
    0x0800cbfa   0x0800cbfa   0x0000002c   Code   RO         6350    i.set_motor         bsp_can.o
    0x0800cc26   0x0800cc26   0x00000042   Code   RO         6351    i.set_motor_A       bsp_can.o
    0x0800cc68   0x0800cc68   0x00000044   Code   RO         6352    i.set_motor_B       bsp_can.o
    0x0800ccac   0x0800ccac   0x00000030   Code   RO         6985    i.setkd             test_task.o
    0x0800ccdc   0x0800ccdc   0x00000030   Code   RO         6986    i.setki             test_task.o
    0x0800cd0c   0x0800cd0c   0x00000030   Code   RO         6987    i.setkp             test_task.o
    0x0800cd3c   0x0800cd3c   0x00000038   Code   RO         6988    i.sett              test_task.o
    0x0800cd74   0x0800cd74   0x00000006   Code   RO         5396    i.shellBackspace    shell.o
    0x0800cd7a   0x0800cd7a   0x00000030   Code   RO         5397    i.shellCheckPermission  shell.o
    0x0800cdaa   0x0800cdaa   0x00000002   PAD
    0x0800cdac   0x0800cdac   0x0000001c   Code   RO         5398    i.shellClear        shell.o
    0x0800cdc8   0x0800cdc8   0x00000030   Code   RO         5399    i.shellClearCommandLine  shell.o
    0x0800cdf8   0x0800cdf8   0x00000014   Code   RO         5400    i.shellCmds         shell.o
    0x0800ce0c   0x0800ce0c   0x00000028   Code   RO         5805    i.shellCompanionAdd  shell_companion.o
    0x0800ce34   0x0800ce34   0x0000001a   Code   RO         5807    i.shellCompanionGet  shell_companion.o
    0x0800ce4e   0x0800ce4e   0x00000008   Code   RO         5401    i.shellDelete       shell.o
    0x0800ce56   0x0800ce56   0x00000002   PAD
    0x0800ce58   0x0800ce58   0x000000d6   Code   RO         5402    i.shellDeleteByte   shell.o
    0x0800cf2e   0x0800cf2e   0x00000002   PAD
    0x0800cf30   0x0800cf30   0x0000001c   Code   RO         5403    i.shellDeleteCommandLine  shell.o
    0x0800cf4c   0x0800cf4c   0x00000008   Code   RO         5404    i.shellDown         shell.o
    0x0800cf54   0x0800cf54   0x00000014   Code   RO         5405    i.shellEnter        shell.o
    0x0800cf68   0x0800cf68   0x00000090   Code   RO         5406    i.shellExec         shell.o
    0x0800cff8   0x0800cff8   0x0000003c   Code   RO         5841    i.shellExtParseChar  shell_ext.o
    0x0800d034   0x0800d034   0x0000010a   Code   RO         5842    i.shellExtParseNumber  shell_ext.o
    0x0800d13e   0x0800d13e   0x000000a0   Code   RO         5843    i.shellExtParsePara  shell_ext.o
    0x0800d1de   0x0800d1de   0x000000c6   Code   RO         5844    i.shellExtRun       shell_ext.o
    0x0800d2a4   0x0800d2a4   0x00000004   Code   RO         5407    i.shellGetCommandDesc  shell.o
    0x0800d2a8   0x0800d2a8   0x00000038   Code   RO         5408    i.shellGetCommandName  shell.o
    0x0800d2e0   0x0800d2e0   0x00000028   Code   RO         5409    i.shellGetCurrent   shell.o
    0x0800d308   0x0800d308   0x0000003e   Code   RO         5410    i.shellGetVarValue  shell.o
    0x0800d346   0x0800d346   0x00000002   PAD
    0x0800d348   0x0800d348   0x000000e8   Code   RO         5411    i.shellHandler      shell.o
    0x0800d430   0x0800d430   0x00000028   Code   RO         5412    i.shellHelp         shell.o
    0x0800d458   0x0800d458   0x00000098   Code   RO         5413    i.shellHistory      shell.o
    0x0800d4f0   0x0800d4f0   0x00000068   Code   RO         5414    i.shellHistoryAdd   shell.o
    0x0800d558   0x0800d558   0x000000a0   Code   RO         5415    i.shellInit         shell.o
    0x0800d5f8   0x0800d5f8   0x000000dc   Code   RO         5416    i.shellInsertByte   shell.o
    0x0800d6d4   0x0800d6d4   0x00000014   Code   RO         5417    i.shellKeys         shell.o
    0x0800d6e8   0x0800d6e8   0x00000020   Code   RO         5418    i.shellLeft         shell.o
    0x0800d708   0x0800d708   0x0000004c   Code   RO         5420    i.shellListCommand  shell.o
    0x0800d754   0x0800d754   0x000000f4   Code   RO         5421    i.shellListItem     shell.o
    0x0800d848   0x0800d848   0x00000050   Code   RO         5422    i.shellListKey      shell.o
    0x0800d898   0x0800d898   0x00000050   Code   RO         5423    i.shellListUser     shell.o
    0x0800d8e8   0x0800d8e8   0x00000050   Code   RO         5424    i.shellListVar      shell.o
    0x0800d938   0x0800d938   0x00000010   Code   RO         5425    i.shellNormalInput  shell.o
    0x0800d948   0x0800d948   0x00000078   Code   RO         5426    i.shellParserParam  shell.o
    0x0800d9c0   0x0800d9c0   0x00000020   Code   RO         5429    i.shellRight        shell.o
    0x0800d9e0   0x0800d9e0   0x000000b8   Code   RO         5431    i.shellRunCommand   shell.o
    0x0800da98   0x0800da98   0x0000006e   Code   RO         5433    i.shellSeekCommand  shell.o
    0x0800db06   0x0800db06   0x00000002   PAD
    0x0800db08   0x0800db08   0x00000060   Code   RO         5434    i.shellSetUser      shell.o
    0x0800db68   0x0800db68   0x00000058   Code   RO         5435    i.shellSetVar       shell.o
    0x0800dbc0   0x0800dbc0   0x00000070   Code   RO         5436    i.shellSetVarValue  shell.o
    0x0800dc30   0x0800dc30   0x000000b0   Code   RO         5437    i.shellShowVar      shell.o
    0x0800dce0   0x0800dce0   0x00000024   Code   RO         5438    i.shellStringCompare  shell.o
    0x0800dd04   0x0800dd04   0x00000018   Code   RO         5439    i.shellStringCopy   shell.o
    0x0800dd1c   0x0800dd1c   0x00000150   Code   RO         5440    i.shellTab          shell.o
    0x0800de6c   0x0800de6c   0x00000020   Code   RO         5441    i.shellTask         shell.o
    0x0800de8c   0x0800de8c   0x0000004c   Code   RO         5442    i.shellToDec        shell.o
    0x0800ded8   0x0800ded8   0x0000002a   Code   RO         5443    i.shellToHex        shell.o
    0x0800df02   0x0800df02   0x00000006   Code   RO         5444    i.shellUp           shell.o
    0x0800df08   0x0800df08   0x00000014   Code   RO         5445    i.shellUsers        shell.o
    0x0800df1c   0x0800df1c   0x00000014   Code   RO         5446    i.shellVars         shell.o
    0x0800df30   0x0800df30   0x00000058   Code   RO         5447    i.shellWriteCommandHelp  shell.o
    0x0800df88   0x0800df88   0x00000074   Code   RO         5448    i.shellWriteEndLine  shell.o
    0x0800dffc   0x0800dffc   0x0000005c   Code   RO         5449    i.shellWritePrompt  shell.o
    0x0800e058   0x0800e058   0x00000080   Code   RO         5450    i.shellWriteReturnValue  shell.o
    0x0800e0d8   0x0800e0d8   0x00000024   Code   RO         5451    i.shellWriteString  shell.o
    0x0800e0fc   0x0800e0fc   0x000000d0   Code   RO         7103    i.solenoid_task     solenoid_task.o
    0x0800e1cc   0x0800e1cc   0x0000006e   Code   RO         8644    i.sqrt              m_wm.l(sqrt.o)
    0x0800e23a   0x0800e23a   0x00000002   PAD
    0x0800e23c   0x0800e23c   0x0000017c   Code   RO         8550    i.stm32_get_sector  fal_flash_stm32f4.o
    0x0800e3b8   0x0800e3b8   0x000000c0   Code   RO         6436    i.sw_judge          bsp_sbus.o
    0x0800e478   0x0800e478   0x000001b4   Code   RO         6989    i.test_task         test_task.o
    0x0800e62c   0x0800e62c   0x00000018   Code   RO         5966    i.uartLogWrite      shell_port.o
    0x0800e644   0x0800e644   0x00000060   Code   RO         6437    i.uart_receive_handler  bsp_sbus.o
    0x0800e6a4   0x0800e6a4   0x000000aa   Code   RO         7879    i.update_kv_cache   fdb_kvdb.o
    0x0800e74e   0x0800e74e   0x00000072   Code   RO         7880    i.update_sec_status  fdb_kvdb.o
    0x0800e7c0   0x0800e7c0   0x00000066   Code   RO         7881    i.update_sector_cache  fdb_kvdb.o
    0x0800e826   0x0800e826   0x00000002   PAD
    0x0800e828   0x0800e828   0x000000cc   Code   RO         5967    i.userShellInit     shell_port.o
    0x0800e8f4   0x0800e8f4   0x00000004   Code   RO         5968    i.userShellLock     shell_port.o
    0x0800e8f8   0x0800e8f8   0x00000020   Code   RO         5969    i.userShellRead     shell_port.o
    0x0800e918   0x0800e918   0x00000004   Code   RO         5970    i.userShellUnlock   shell_port.o
    0x0800e91c   0x0800e91c   0x0000001c   Code   RO         5971    i.userShellWrite    shell_port.o
    0x0800e938   0x0800e938   0x00000026   Code   RO         4200    i.uxListRemove      list.o
    0x0800e95e   0x0800e95e   0x00000002   PAD
    0x0800e960   0x0800e960   0x00000014   Code   RO          336    i.vApplicationGetIdleTaskMemory  freertos.o
    0x0800e974   0x0800e974   0x00000016   Code   RO         4201    i.vListInitialise   list.o
    0x0800e98a   0x0800e98a   0x00000006   Code   RO         4202    i.vListInitialiseItem  list.o
    0x0800e990   0x0800e990   0x00000030   Code   RO         4203    i.vListInsert       list.o
    0x0800e9c0   0x0800e9c0   0x00000018   Code   RO         4204    i.vListInsertEnd    list.o
    0x0800e9d8   0x0800e9d8   0x00000040   Code   RO         5321    i.vPortEnterCritical  port.o
    0x0800ea18   0x0800ea18   0x00000028   Code   RO         5322    i.vPortExitCritical  port.o
    0x0800ea40   0x0800ea40   0x00000064   Code   RO         5252    i.vPortFree         heap_4.o
    0x0800eaa4   0x0800eaa4   0x00000024   Code   RO         5323    i.vPortSetupTimerInterrupt  port.o
    0x0800eac8   0x0800eac8   0x0000004c   Code   RO         4578    i.vTaskDelay        tasks.o
    0x0800eb14   0x0800eb14   0x00000010   Code   RO         4581    i.vTaskInternalSetTimeOutState  tasks.o
    0x0800eb24   0x0800eb24   0x0000000c   Code   RO         4582    i.vTaskMissedYield  tasks.o
    0x0800eb30   0x0800eb30   0x00000030   Code   RO         4584    i.vTaskPlaceOnEventList  tasks.o
    0x0800eb60   0x0800eb60   0x0000006c   Code   RO         4591    i.vTaskStartScheduler  tasks.o
    0x0800ebcc   0x0800ebcc   0x00000010   Code   RO         4593    i.vTaskSuspendAll   tasks.o
    0x0800ebdc   0x0800ebdc   0x0000005c   Code   RO         4594    i.vTaskSwitchContext  tasks.o
    0x0800ec38   0x0800ec38   0x00000394   Code   RO         6033    i.var               commend.o
    0x0800efcc   0x0800efcc   0x00000098   Code   RO         6035    i.var_init          commend.o
    0x0800f064   0x0800f064   0x00000058   Code   RO         6036    i.var_register      commend.o
    0x0800f0bc   0x0800f0bc   0x00000030   Code   RO         6605    i.vesc_init         bsp_vesc.o
    0x0800f0ec   0x0800f0ec   0x00000024   Code   RO         6606    i.vesc_set_point    bsp_vesc.o
    0x0800f110   0x0800f110   0x00000030   Code   RO         6607    i.vesc_set_rmp      bsp_vesc.o
    0x0800f140   0x0800f140   0x00000058   Code   RO         8551    i.write             fal_flash_stm32f4.o
    0x0800f198   0x0800f198   0x000000f4   Code   RO         5325    i.xPortStartScheduler  port.o
    0x0800f28c   0x0800f28c   0x00000016   Code   RO         4252    i.xQueueCreateMutex  queue.o
    0x0800f2a2   0x0800f2a2   0x0000001a   Code   RO         4253    i.xQueueCreateMutexStatic  queue.o
    0x0800f2bc   0x0800f2bc   0x00000042   Code   RO         4254    i.xQueueGenericCreate  queue.o
    0x0800f2fe   0x0800f2fe   0x00000066   Code   RO         4255    i.xQueueGenericCreateStatic  queue.o
    0x0800f364   0x0800f364   0x00000088   Code   RO         4256    i.xQueueGenericReset  queue.o
    0x0800f3ec   0x0800f3ec   0x00000160   Code   RO         4257    i.xQueueGenericSend  queue.o
    0x0800f54c   0x0800f54c   0x00000074   Code   RO         4596    i.xTaskCheckForTimeOut  tasks.o
    0x0800f5c0   0x0800f5c0   0x0000005a   Code   RO         4597    i.xTaskCreate       tasks.o
    0x0800f61a   0x0800f61a   0x00000056   Code   RO         4598    i.xTaskCreateStatic  tasks.o
    0x0800f670   0x0800f670   0x0000001c   Code   RO         4602    i.xTaskGetSchedulerState  tasks.o
    0x0800f68c   0x0800f68c   0x000000cc   Code   RO         4605    i.xTaskIncrementTick  tasks.o
    0x0800f758   0x0800f758   0x00000098   Code   RO         4608    i.xTaskPriorityDisinherit  tasks.o
    0x0800f7f0   0x0800f7f0   0x00000074   Code   RO         4610    i.xTaskRemoveFromEventList  tasks.o
    0x0800f864   0x0800f864   0x000000c4   Code   RO         4611    i.xTaskResumeAll    tasks.o
    0x0800f928   0x0800f928   0x00000005   Data   RO           21    .constdata          main.o
    0x0800f92d   0x0800f92d   0x00000003   PAD
    0x0800f930   0x0800f930   0x00000070   Data   RO          338    .constdata          freertos.o
    0x0800f9a0   0x0800f9a0   0x00000008   Data   RO         1721    .constdata          stm32f4xx_hal_dma.o
    0x0800f9a8   0x0800f9a8   0x00000010   Data   RO         4063    .constdata          system_stm32f4xx.o
    0x0800f9b8   0x0800f9b8   0x00000008   Data   RO         4064    .constdata          system_stm32f4xx.o
    0x0800f9c0   0x0800f9c0   0x00000007   Data   RO         5453    .constdata          shell.o
    0x0800f9c7   0x0800f9c7   0x00000001   Data   RO         5454    .constdata          shell.o
    0x0800f9c8   0x0800f9c8   0x0000000d   Data   RO         5455    .constdata          shell.o
    0x0800f9d5   0x0800f9d5   0x00000007   Data   RO         5456    .constdata          shell.o
    0x0800f9dc   0x0800f9dc   0x00000008   Data   RO         5457    .constdata          shell.o
    0x0800f9e4   0x0800f9e4   0x00000003   Data   RO         5458    .constdata          shell.o
    0x0800f9e7   0x0800f9e7   0x00000005   Data   RO         5459    .constdata          shell.o
    0x0800f9ec   0x0800f9ec   0x00000006   Data   RO         5460    .constdata          shell.o
    0x0800f9f2   0x0800f9f2   0x00000005   Data   RO         5461    .constdata          shell.o
    0x0800f9f7   0x0800f9f7   0x00000004   Data   RO         5462    .constdata          shell.o
    0x0800f9fb   0x0800f9fb   0x0000000a   Data   RO         5463    .constdata          shell.o
    0x0800fa05   0x0800fa05   0x0000000a   Data   RO         5464    .constdata          shell.o
    0x0800fa0f   0x0800fa0f   0x00000007   Data   RO         5465    .constdata          shell.o
    0x0800fa16   0x0800fa16   0x00000006   Data   RO         5466    .constdata          shell.o
    0x0800fa1c   0x0800fa1c   0x00000006   Data   RO         5467    .constdata          shell.o
    0x0800fa22   0x0800fa22   0x00000005   Data   RO         5468    .constdata          shell.o
    0x0800fa27   0x0800fa27   0x0000001e   Data   RO         5469    .constdata          shell.o
    0x0800fa45   0x0800fa45   0x00000006   Data   RO         5470    .constdata          shell.o
    0x0800fa4b   0x0800fa4b   0x0000000e   Data   RO         5471    .constdata          shell.o
    0x0800fa59   0x0800fa59   0x00000005   Data   RO         5472    .constdata          shell.o
    0x0800fa5e   0x0800fa5e   0x0000000d   Data   RO         5473    .constdata          shell.o
    0x0800fa6b   0x0800fa6b   0x00000005   Data   RO         5474    .constdata          shell.o
    0x0800fa70   0x0800fa70   0x0000000d   Data   RO         5475    .constdata          shell.o
    0x0800fa7d   0x0800fa7d   0x00000005   Data   RO         5476    .constdata          shell.o
    0x0800fa82   0x0800fa82   0x0000000d   Data   RO         5477    .constdata          shell.o
    0x0800fa8f   0x0800fa8f   0x00000006   Data   RO         5478    .constdata          shell.o
    0x0800fa95   0x0800fa95   0x0000000e   Data   RO         5479    .constdata          shell.o
    0x0800faa3   0x0800faa3   0x0000000c   Data   RO         5891    .constdata          log.o
    0x0800faaf   0x0800faaf   0x00000024   Data   RO         5892    .constdata          log.o
    0x0800fad3   0x0800fad3   0x00000008   Data   RO         5893    .constdata          log.o
    0x0800fadb   0x0800fadb   0x00000020   Data   RO         5894    .constdata          log.o
    0x0800fafb   0x0800fafb   0x00000011   Data   RO         5895    .constdata          log.o
    0x0800fb0c   0x0800fb0c   0x0000000c   Data   RO         5896    .constdata          log.o
    0x0800fb18   0x0800fb18   0x0000000e   Data   RO         5973    .constdata          shell_port.o
    0x0800fb26   0x0800fb26   0x00000004   Data   RO         6038    .constdata          commend.o
    0x0800fb2a   0x0800fb2a   0x00000017   Data   RO         6039    .constdata          commend.o
    0x0800fb41   0x0800fb41   0x00000003   Data   RO         6040    .constdata          commend.o
    0x0800fb44   0x0800fb44   0x00000012   Data   RO         6041    .constdata          commend.o
    0x0800fb56   0x0800fb56   0x00000004   Data   RO         6042    .constdata          commend.o
    0x0800fb5a   0x0800fb5a   0x00000003   Data   RO         6993    .constdata          test_task.o
    0x0800fb5d   0x0800fb5d   0x00000005   Data   RO         6994    .constdata          test_task.o
    0x0800fb62   0x0800fb62   0x00000003   Data   RO         6995    .constdata          test_task.o
    0x0800fb65   0x0800fb65   0x00000005   Data   RO         6996    .constdata          test_task.o
    0x0800fb6a   0x0800fb6a   0x00000003   Data   RO         6997    .constdata          test_task.o
    0x0800fb6d   0x0800fb6d   0x00000005   Data   RO         6998    .constdata          test_task.o
    0x0800fb72   0x0800fb72   0x00000002   Data   RO         6999    .constdata          test_task.o
    0x0800fb74   0x0800fb74   0x00000005   Data   RO         7000    .constdata          test_task.o
    0x0800fb79   0x0800fb79   0x00000001   PAD
    0x0800fb7a   0x0800fb7a   0x00000200   Data   RO         7624    .constdata          crc.o
    0x0800fd7a   0x0800fd7a   0x00000019   Data   RO         7800    .constdata          fdb.o
    0x0800fd93   0x0800fd93   0x00000046   Data   RO         7883    .constdata          fdb_kvdb.o
    0x0800fdd9   0x0800fdd9   0x00000003   PAD
    0x0800fddc   0x0800fddc   0x00000423   Data   RO         8285    .constdata          fdb_utils.o
    0x080101ff   0x080101ff   0x00000001   PAD
    0x08010200   0x08010200   0x00000139   Data   RO         8408    .constdata          fal_partition.o
    0x08010339   0x08010339   0x00000009   Data   RO         8504    .constdata          fal.o
    0x08010342   0x08010342   0x00000002   PAD
    0x08010344   0x08010344   0x00000029   Data   RO         8525    .constdata          fal_flash.o
    0x0801036d   0x0801036d   0x00000003   PAD
    0x08010370   0x08010370   0x00000038   Data   RO         8552    .constdata          fal_flash_stm32f4.o
    0x080103a8   0x080103a8   0x00000088   Data   RO         8631    .constdata          m_wm.l(pow.o)
    0x08010430   0x08010430   0x00000098   Data   RO         9002    .constdata          m_wm.l(atan.o)
    0x080104c8   0x080104c8   0x00000008   Data   RO         9051    .constdata          m_wm.l(qnan.o)
    0x080104d0   0x080104d0   0x00000081   Data   RO         9138    .constdata          mc_w.l(ctype_o.o)
    0x08010551   0x08010551   0x00000003   PAD
    0x08010554   0x08010554   0x00000004   Data   RO         9139    .constdata          mc_w.l(ctype_o.o)
    0x08010558   0x08010558   0x0000003f   Data   RO           22    .conststring        main.o
    0x08010597   0x08010597   0x00000001   PAD
    0x08010598   0x08010598   0x0000002d   Data   RO          339    .conststring        freertos.o
    0x080105c5   0x080105c5   0x00000003   PAD
    0x080105c8   0x080105c8   0x000002a1   Data   RO         5480    .conststring        shell.o
    0x08010869   0x08010869   0x00000003   PAD
    0x0801086c   0x0801086c   0x00000048   Data   RO         5897    .conststring        log.o
    0x080108b4   0x080108b4   0x00000093   Data   RO         7801    .conststring        fdb.o
    0x08010947   0x08010947   0x00000001   PAD
    0x08010948   0x08010948   0x00000178   Data   RO         7884    .conststring        fdb_kvdb.o
    0x08010ac0   0x08010ac0   0x00000132   Data   RO         8409    .conststring        fal_partition.o
    0x08010bf2   0x08010bf2   0x00000002   PAD
    0x08010bf4   0x08010bf4   0x0000005b   Data   RO         8526    .conststring        fal_flash.o
    0x08010c4f   0x08010c4f   0x00000001   PAD
    0x08010c50   0x08010c50   0x00000020   Data   RO         9176    Region$$Table       anon$$obj.o
    0x08010c70   0x08010c70   0x00000120   Data   RO         5482    shellCommand        shell.o
    0x08010d90   0x08010d90   0x00000030   Data   RO         5898    shellCommand        log.o
    0x08010dc0   0x08010dc0   0x00000020   Data   RO         6044    shellCommand        commend.o
    0x08010de0   0x08010de0   0x00000040   Data   RO         7002    shellCommand        test_task.o


    Execution Region RW_IRAM2 (Exec base: 0x10000000, Load base: 0x08010eb8, Size: 0x00000000, Max: 0x00010000, ABSOLUTE)

    **** No section assigned to this execution region ****


    Execution Region RW_IRAM1 (Exec base: 0x20000000, Load base: 0x08010e20, Size: 0x00006d98, Max: 0x00030000, ABSOLUTE, COMPRESSED[0x00000098])

    Exec Addr    Load Addr    Size         Type   Attr      Idx    E Section Name        Object

    0x20000000   COMPRESSED   0x00000004   Data   RW           23    .data               main.o
    0x20000004   COMPRESSED   0x00000028   Data   RW           24    .data               main.o
    0x2000002c   COMPRESSED   0x00000030   Data   RW           25    .data               main.o
    0x2000005c   COMPRESSED   0x00000004   Data   RW           26    .data               main.o
    0x20000060   COMPRESSED   0x00000004   Data   RW           27    .data               main.o
    0x20000064   COMPRESSED   0x00000004   Data   RW           28    .data               main.o
    0x20000068   COMPRESSED   0x00000004   Data   RW           29    .data               main.o
    0x2000006c   COMPRESSED   0x00000004   Data   RW           30    .data               main.o
    0x20000070   COMPRESSED   0x00000004   Data   RW           31    .data               main.o
    0x20000074   COMPRESSED   0x00000001   Data   RW           32    .data               main.o
    0x20000075   COMPRESSED   0x00000003   PAD
    0x20000078   COMPRESSED   0x00000004   Data   RW           33    .data               main.o
    0x2000007c   COMPRESSED   0x00000004   Data   RW           34    .data               main.o
    0x20000080   COMPRESSED   0x00000004   Data   RW           35    .data               main.o
    0x20000084   COMPRESSED   0x00000004   Data   RW           36    .data               main.o
    0x20000088   COMPRESSED   0x00000001   Data   RW           37    .data               main.o
    0x20000089   COMPRESSED   0x00000003   PAD
    0x2000008c   COMPRESSED   0x00000014   Data   RW          340    .data               freertos.o
    0x200000a0   COMPRESSED   0x00000004   Data   RW          389    .data               can.o
    0x200000a4   COMPRESSED   0x00000004   Data   RW          563    .data               usart.o
    0x200000a8   COMPRESSED   0x0000000c   Data   RW         2168    .data               stm32f4xx_hal.o
    0x200000b4   COMPRESSED   0x00000004   Data   RW         4065    .data               system_stm32f4xx.o
    0x200000b8   COMPRESSED   0x0000003c   Data   RW         4614    .data               tasks.o
    0x200000f4   COMPRESSED   0x00000020   Data   RW         5258    .data               heap_4.o
    0x20000114   COMPRESSED   0x0000000c   Data   RW         5326    .data               port.o
    0x20000120   COMPRESSED   0x00000054   Data   RW         5481    .data               shell.o
    0x20000174   COMPRESSED   0x00000010   Data   RW         5974    .data               shell_port.o
    0x20000184   COMPRESSED   0x00000004   PAD
    0x20000188   COMPRESSED   0x00000020   Data   RW         6043    .data               commend.o
    0x200001a8   COMPRESSED   0x00000003   Data   RW         6609    .data               bsp_vesc.o
    0x200001ab   COMPRESSED   0x00000001   Data   RW         6708    .data               chassis_behaviour.o
    0x200001ac   COMPRESSED   0x00000004   Data   RW         6880    .data               led_task.o
    0x200001b0   COMPRESSED   0x00000008   Data   RW         7001    .data               test_task.o
    0x200001b8   COMPRESSED   0x00000002   Data   RW         7106    .data               solenoid_task.o
    0x200001ba   COMPRESSED   0x00000002   PAD
    0x200001bc   COMPRESSED   0x00000074   Data   RW         7361    .data               bldc_interface.o
    0x20000230   COMPRESSED   0x00000001   Data   RW         7802    .data               fdb.o
    0x20000231   COMPRESSED   0x00000003   PAD
    0x20000234   COMPRESSED   0x00000014   Data   RW         8410    .data               fal_partition.o
    0x20000248   COMPRESSED   0x00000001   Data   RW         8505    .data               fal.o
    0x20000249   COMPRESSED   0x00000001   Data   RW         8527    .data               fal_flash.o
    0x2000024a   COMPRESSED   0x00000002   PAD
    0x2000024c   COMPRESSED   0x00000004   Data   RW         9068    .data               mc_w.l(stdout.o)
    0x20000250   COMPRESSED   0x00000004   Data   RW         9085    .data               mc_w.l(mvars.o)
    0x20000254   COMPRESSED   0x00000004   Data   RW         9086    .data               mc_w.l(mvars.o)
    0x20000258   COMPRESSED   0x00000004   Data   RW         9090    .data               mc_w.l(errno.o)
    0x2000025c        -       0x000002ec   Zero   RW           18    .bss                main.o
    0x20000548        -       0x000000ff   Zero   RW           19    .bss                main.o
    0x20000647        -       0x000000ff   Zero   RW           20    .bss                main.o
    0x20000746   COMPRESSED   0x00000002   PAD
    0x20000748        -       0x00000254   Zero   RW          337    .bss                freertos.o
    0x2000099c        -       0x00000050   Zero   RW          388    .bss                can.o
    0x200009ec        -       0x00000058   Zero   RW          460    .bss                spi.o
    0x20000a44        -       0x00000090   Zero   RW          504    .bss                tim.o
    0x20000ad4        -       0x000002b8   Zero   RW          562    .bss                usart.o
    0x20000d8c        -       0x00000018   Zero   RW          674    .bss                stm32f4xx_it.o
    0x20000da4        -       0x00000048   Zero   RW          925    .bss                stm32f4xx_hal_timebase_tim.o
    0x20000dec        -       0x00000020   Zero   RW         1380    .bss                stm32f4xx_hal_flash.o
    0x20000e0c        -       0x000000f0   Zero   RW         4613    .bss                tasks.o
    0x20000efc        -       0x00003c00   Zero   RW         5257    .bss                heap_4.o
    0x20004afc        -       0x0000001d   Zero   RW         5452    .bss                shell.o
    0x20004b19   COMPRESSED   0x00000003   PAD
    0x20004b1c        -       0x00000114   Zero   RW         5890    .bss                log.o
    0x20004c30        -       0x00000308   Zero   RW         5972    .bss                shell_port.o
    0x20004f38        -       0x00000340   Zero   RW         6353    .bss                bsp_can.o
    0x20005278        -       0x0000003b   Zero   RW         6438    .bss                bsp_sbus.o
    0x200052b3   COMPRESSED   0x00000001   PAD
    0x200052b4        -       0x00000854   Zero   RW         6754    .bss                chassis_task.o
    0x20005b08        -       0x000000d8   Zero   RW         6991    .bss                test_task.o
    0x20005be0        -       0x00000694   Zero   RW         7360    .bss                bldc_interface.o
    0x20006274        -       0x00000420   Zero   RW         7768    .bss                packet.o
    0x20006694   COMPRESSED   0x00000004   PAD
    0x20006698        -       0x00000300   Zero   RW            2    HEAP                startup_stm32f427xx.o
    0x20006998        -       0x00000400   Zero   RW            1    STACK               startup_stm32f427xx.o


==============================================================================

Image component sizes


      Code (inc. data)   RO Data    RW Data    ZI Data      Debug   Object Name

        80          8          0          0          0       1366   action_usart.o
      3108        284          0        116       1684      14854   bldc_interface.o
        42          8          0          0          0       2502   bldc_interface_uart.o
       702         18          0          0        832       9095   bsp_can.o
       766         22          0          0         59       5093   bsp_sbus.o
       820        392          0          3          0       4014   bsp_vesc.o
       296         20          0          0          0       5872   buffer.o
       420         40          0          4         80       2554   can.o
       284         24          0          1          0       6186   chassis_behaviour.o
      1980        132          0          0       2132       8130   chassis_task.o
       136          0          0          0          0      24017   cmsis_os.o
      1616        628         84         32          0      19031   commend.o
        44          6        512          0          0       1272   crc.o
        92          4          0          0          0        850   dma.o
         0          0          0          0          0      20036   event_groups.o
       252        178          9          1          0        835   fal.o
       408        212        132          1          0       2093   fal_flash.o
       584        108         56          0          0       5189   fal_flash_stm32f4.o
      2240       1214        619         20          0       9134   fal_partition.o
       854        414        172          1          0       3451   fdb.o
      7972       2264        446          0          0      47911   fdb_kvdb.o
       628        186       1059          0          0      15058   fdb_utils.o
       140         14        157         20        596       2392   freertos.o
       384         30          0          0          0       1235   gpio.o
       472         24          0         32      15360       7491   heap_4.o
       200          0          0          0          0       4880   kfifo.o
       440        280          0          0          0        760   kvdb_basic_sample.o
       416         72          0          4          0       3004   led_task.o
       138          0          0          0          0       3606   list.o
       854        240        237          0        276      10295   log.o
       500        114         68        134       1258     821223   main.o
       348         24          0          0       1056       3233   packet.o
       574         16          0          0          0       4673   pid.o
       702         72          0         12          0      11108   port.o
       962         10          0          0          0      14173   queue.o
      4240        230       1188         84         29      49522   shell.o
        66          0          0          0          0       2084   shell_companion.o
       684          8          0          0          0       5506   shell_ext.o
       296        110         14         16        776       7572   shell_port.o
       292         46          0          2          0       3118   solenoid_task.o
       184         24          0          0         88       1737   spi.o
        36          8        428          0       1792        848   startup_stm32f427xx.o
        80         14          0         12          0       8294   stm32f4xx_hal.o
      1702          6          0          0          0      15241   stm32f4xx_hal_can.o
       158         14          0          0          0      33206   stm32f4xx_hal_cortex.o
      1154         16          8          0          0       8322   stm32f4xx_hal_dma.o
       540         66          0          0         32       6726   stm32f4xx_hal_flash.o
       388         24          0          0          0       4422   stm32f4xx_hal_flash_ex.o
       574         54          0          0          0       2244   stm32f4xx_hal_gpio.o
        56          4          0          0          0        890   stm32f4xx_hal_msp.o
       112         14          0          0          0       1308   stm32f4xx_hal_pwr_ex.o
      1412         86          0          0          0       5973   stm32f4xx_hal_rcc.o
       188          0          0          0          0       1219   stm32f4xx_hal_spi.o
      2020        136          0          0          0      17158   stm32f4xx_hal_tim.o
       232         28          0          0          0       3329   stm32f4xx_hal_tim_ex.o
       152         20          0          0         72       1512   stm32f4xx_hal_timebase_tim.o
      2234         30          0          0          0      17161   stm32f4xx_hal_uart.o
       864        256          0          0         24     671041   stm32f4xx_it.o
         0          0          0          0          0        392   stream_buffer.o
        16          4         24          4          0       1163   system_stm32f4xx.o
      2008        150          0         60        240      25374   tasks.o
       668        136         95          8        216       7262   test_task.o
       596         54          0          0        144       3357   tim.o
      1200        140          0          4        696      16361   usart.o

    ----------------------------------------------------------------------
     51676       8736       5364        588      27452    2018958   Object Totals
         0          0         32          0          0          0   (incl. Generated)
        70          0         24         17         10          0   (incl. Padding)

    ----------------------------------------------------------------------

      Code (inc. data)   RO Data    RW Data    ZI Data      Debug   Library Member Name

       744        106        152          0          0        352   atan.o
       512         64          0          0          0        208   atan2.o
        56         12          0          0          0        132   atof.o
       184         44          0          0          0        744   dunder.o
        24          0          0          0          0        124   fabs.o
        48          0          0          0          0        124   fpclassify.o
        32         12          0          0          0        232   funder.o
       142          0          0          0          0        156   ldexpf.o
       248          0          0          0          0        152   poly.o
      3152        296        136          0          0        352   pow.o
         0          0          8          0          0          0   qnan.o
       232          0          0          0          0        296   sqrt.o
        40         10          0          0          0        128   strtod.o
        86          0          0          0          0          0   __dczerorl2.o
        28          0          0          0          0         68   _chval.o
        64          0          0          0          0         84   _sgetc.o
       158          0          0          0          0         92   _strtoul.o
        26          0          0          0          0         80   atoi.o
         8          4        133          0          0         68   ctype_o.o
         0          0          0          0          0          0   entry.o
         0          0          0          0          0          0   entry10a.o
         0          0          0          0          0          0   entry11a.o
         4          0          0          0          0          0   entry12b.o
         8          4          0          0          0          0   entry2.o
         4          0          0          0          0          0   entry5.o
         0          0          0          0          0          0   entry7b.o
         0          0          0          0          0          0   entry8b.o
         8          4          0          0          0          0   entry9a.o
        32         16          0          4          0        204   errno.o
        30          0          0          0          0          0   handlers.o
        36          8          0          0          0         68   init.o
        18          0          0          0          0         76   isspace_o.o
         0          0          0          0          0          0   iusefp.o
        30          0          0          0          0         68   llshl.o
        36          0          0          0          0         68   llsshr.o
        32          0          0          0          0         68   llushr.o
       108         16          0          0          0         84   malloc.o
        36          0          0          0          0         68   memcpya.o
        36          0          0          0          0        108   memseta.o
         0          0          0          8          0          0   mvars.o
      2394        106          0          0          0        852   printfa.o
       878         12          0          0          0        216   scanf_fp.o
         0          0          0          4          0          0   stdout.o
        42          0          0          0          0         84   strcasecmp.o
        28          0          0          0          0         76   strcmp.o
        18          0          0          0          0         68   strcpy.o
        14          0          0          0          0         68   strlen.o
        30          0          0          0          0         80   strncmp.o
        24          0          0          0          0         76   strncpy.o
       156         12          0          0          0        120   strtod.o
       112          0          0          0          0         88   strtol.o
        12          0          0          0          0         68   tolower.o
        44          0          0          0          0         80   uidiv.o
        98          0          0          0          0         92   uldiv.o
        48          0          0          0          0         68   cdcmple.o
        48          0          0          0          0         68   cdrcmple.o
        56          0          0          0          0         88   d2f.o
       334          0          0          0          0        148   dadd.o
       222          0          0          0          0        100   ddiv.o
       186          0          0          0          0        176   depilogue.o
        48          0          0          0          0         68   dfixul.o
        34          0          0          0          0         76   dflti.o
        24          0          0          0          0         76   dfltul.o
       228          0          0          0          0         96   dmul.o
        46          0          0          0          0         80   dscalb.o
       162          0          0          0          0        100   dsqrt.o
        38          0          0          0          0         68   f2d.o
       110          0          0          0          0        168   fepilogue.o
        24          0          0          0          0         68   fscalb.o

    ----------------------------------------------------------------------
     11680        730        432         16          0       7620   Library Totals
        20          4          3          0          0          0   (incl. Padding)

    ----------------------------------------------------------------------

      Code (inc. data)   RO Data    RW Data    ZI Data      Debug   Library Name

      5414        544        296          0          0       3000   m_wm.l
      4638        182        133         16          0       3172   mc_w.l
      1608          0          0          0          0       1448   mf_w.l

    ----------------------------------------------------------------------
     11680        730        432         16          0       7620   Library Totals

    ----------------------------------------------------------------------

==============================================================================


      Code (inc. data)   RO Data    RW Data    ZI Data      Debug   

     63356       9466       5796        604      27452    1980462   Grand Totals
     63356       9466       5796        152      27452    1980462   ELF Image Totals (compressed)
     63356       9466       5796        152          0          0   ROM Totals

==============================================================================

    Total RO  Size (Code + RO Data)                69152 (  67.53kB)
    Total RW  Size (RW Data + ZI Data)             28056 (  27.40kB)
    Total ROM Size (Code + RO Data + RW Data)      69304 (  67.68kB)

==============================================================================

